Microchip MPLAB XC8 Compiler V2.50

Linker command line:

-W-3 --edf=/Applications/microchip/xc8/v2.50/pic/dat/20240725155939_en.msgs \
  -pivt0x8=08h -cn -h+dist/default/debug/button_five_by_five.X.debug.sym \
  --cmf=dist/default/debug/button_five_by_five.X.debug.cmf -z -Q18F57Q43 \
  -o/tmp/xcGOXPHtL/driver_tmp_3.o --defsym=__MPLAB_BUILD=1 \
  --fixupoverflow=error \
  -Mdist/default/debug/button_five_by_five.X.debug.map \
  --md=/tmp/xcGOXPHtL/driver_tmp_0.dat -E1 -ver=XC8 Compiler --acfsm=1493 \
  -ACODE=00h-01FFFFh -ACONST=00h-01FFFFh -ASMALLCONST=02600h-026FFhx474 \
  -AMEDIUMCONST=02600h-0FFFFh,012600h-01FFFFh -ACOMRAM=0501h-055Fh \
  -AABS1=0500h-024FFh -ABIGRAM=0501h-024FFh \
  -ARAM=0560h-05FFh,0600h-06FFhx31 -ABANK5=0560h-05FFh -ABANK6=0600h-06FFh \
  -ABANK7=0700h-07FFh -ABANK8=0800h-08FFh -ABANK9=0900h-09FFh \
  -ABANK10=0A00h-0AFFh -ABANK11=0B00h-0BFFh -ABANK12=0C00h-0CFFh \
  -ABANK13=0D00h-0DFFh -ABANK14=0E00h-0EFFh -ABANK15=0F00h-0FFFh \
  -ABANK16=01000h-010FFh -ABANK17=01100h-011FFh -ABANK18=01200h-012FFh \
  -ABANK19=01300h-013FFh -ABANK20=01400h-014FFh -ABANK21=01500h-015FFh \
  -ABANK22=01600h-016FFh -ABANK23=01700h-017FFh -ABANK24=01800h-018FFh \
  -ABANK25=01900h-019FFh -ABANK26=01A00h-01AFFh -ABANK27=01B00h-01BFFh \
  -ABANK28=01C00h-01CFFh -ABANK29=01D00h-01DFFh -ABANK30=01E00h-01EFFh \
  -ABANK31=01F00h-01FFFh -ABANK32=02000h-020FFh -ABANK33=02100h-021FFh \
  -ABANK34=02200h-022FFh -ABANK35=02300h-023FFh -ABANK36=02400h-024FFh \
  -ASFR=00h-0FFhx4,0400h-045Fh,0460h-04FFh,02500h-025FFh \
  -ABIGSFR=00h-04FFh,02500h-025FFh -ACONFIG=0300000h-0300011h \
  -AIDLOC=0200000h-020003Fh -AEEDATA=0380000h-03803FFh -peeprom_data=EEDATA \
  -preset_vec=00h -ppowerup=CODE,init -pramtop=02600h \
  -psmallconst=SMALLCONST -pmediumconst=MEDIUMCONST -pconst=CONST \
  -AFARRAM=00h-00h \
  -prdata=COMRAM,nvrram=COMRAM,nvbit=COMRAM,rbss=COMRAM,rbit=COMRAM \
  -pfarbss=FARRAM,fardata=FARRAM,nvFARRAM=FARRAM \
  -pintsave_regs=BIGRAM,bigbss=BIGRAM,bigdata=BIGRAM -pbss=RAM \
  -pidata=CODE,irdata=CODE,ibigdata=CODE,ifardata=CODE -prparam=COMRAM \
  /tmp/xcGOXPHtL/driver_tmp_14.o \
  dist/default/debug/button_five_by_five.X.debug.o 

Object code version is 3.11

Machine type is 18F57Q43



                Name                               Link     Load   Length Selector   Space Scale
/tmp/xcGOXPHtL/driver_tmp_14.o
                config                           300000   300000        A        0       4
                init                                 1A       1A        4        4       0
                reset_vec                             0        0        4        0       0
dist/default/debug/button_five_by_five.X.debug.o
                config                           300000   300000        A        0       4
                mediumconst                        FE34     FE34      1CC     7F1A       0
                ivt0x8                                8        8       12        4       0
                text74                            11734    11734        8     8000       0
                text73                            1176A    1176A        2     8000       0
                text72                            112D2    112D2       36     8000       0
                text71                            1167E    1167E       16     8000       0
                text70                            1172C    1172C        8     8000       0
                text69                            11768    11768        2     8000       0
                text68                            11294    11294       3E     8000       0
                text67                            10B80    10B80       AA     8000       0
                text66                            10FDE    10FDE       5E     8000       0
                text65                            1174E    1174E        6     8000       0
                text64                            10A26    10A26       AE     8000       0
                text63                            1154A    1154A       2A     8000       0
                text62                            11766    11766        2     8000       0
                text61                            11764    11764        2     8000       0
                text60                            10444    10444      120     8000       0
                text59                            11254    11254       40     8000       0
                text58                            113A4    113A4       34     8000       0
                text57                            10C2A    10C2A       A2     8000       0
                text56                            11694    11694       14     8000       0
                text55                            1170A    1170A        E     8000       0
                text54                            116FC    116FC        E     8000       0
                text53                            116EE    116EE        E     8000       0
                text52                            11214    11214       40     8000       0
                text51                            116E0    116E0        E     8000       0
                text50                            108C2    108C2       B6     8000       0
                text49                            11650    11650       18     8000       0
                text48                            11370    11370       34     8000       0
                text47                            116D2    116D2        E     8000       0
                text46                            116C4    116C4        E     8000       0
                text45                            11188    11188       4C     8000       0
                text44                            116B6    116B6        E     8000       0
                text43                            11520    11520       2A     8000       0
                text42                            11602    11602       1E     8000       0
                text41                            116A8    116A8        E     8000       0
                text40                            11748    11748        6     8000       0
                text39                            11742    11742        6     8000       0
                text38                            114F4    114F4       2C     8000       0
                text37                            11638    11638       18     8000       0
                text36                            1133C    1133C       34     8000       0
                text35                            1146C    1146C       30     8000       0
                text34                            10F0E    10F0E       6E     8000       0
                text33                            114C8    114C8       2C     8000       0
                text32                            115E0    115E0       22     8000       0
                text31                            11724    11724        8     8000       0
                text30                            1143C    1143C       30     8000       0
                text29                            1175C    1175C        4     8000       0
                text28                            11718    11718        C     8000       0
                text27                            11668    11668       16     8000       0
                text26                            1159A    1159A       24     8000       0
                text25                            10E92    10E92       7C     8000       0
                text24                            11574    11574       26     8000       0
                text23                            1140A    1140A       32     8000       0
                text22                            10736    10736       CA     8000       0
                text21                            1149C    1149C       2C     8000       0
                text20                            11136    11136       52     8000       0
                text19                            115BE    115BE       22     8000       0
                text18                            110E4    110E4       52     8000       0
                text17                            1103C    1103C       56     8000       0
                text16                            10CCC    10CCC       9C     8000       0
                text15                            113D8    113D8       32     8000       0
                text14                            10D68    10D68       9A     8000       0
                text13                            10AD4    10AD4       AC     8000       0
                text12                            1173C    1173C        6     8000       0
                text11                            11758    11758        4     8000       0
                text10                            11754    11754        4     8000       0
                text9                             10800    10800       C2     8000       0
                text8                             10978    10978       AE     8000       0
                text7                             11308    11308       34     8000       0
                text6                             11762    11762        2     8000       0
                text5                             1066C    1066C       CA     8000       0
                text4                             10000    10000      248     8000       0
                text3                             10F7C    10F7C       62     8000       0
                text2                             10564    10564      108     8000       0
                text1                             10248    10248      1FC     8000       0
                text0                             11092    11092       52     8000       0
                cstackCOMRAM                        501      501       3E      501       1
                cstackBANK5                         590      590       11      560       1
                cstackBANK6                         600      600       65      600       1
                dataBANK6                           6A5      6A5       40      600       1
                bssBANK6                            665      665       40      600       1
                dataBANK5                           578      578       18      560       1
                bssBANK5                            5A1      5A1        B      560       1
                dataCOMRAM                          54C      54C        2      501       1
                bssCOMRAM                           53F      53F        D      501       1
                cinit                             10E02    10E02       90     8000       0
                nvBANK5                             560      560       18      560       1
                idataBANK6                        111D4    111D4       40     8000       0
                idataBANK5                        11620    11620       18     8000       0
                idataCOMRAM                       11760    11760        2     8000       0

TOTAL           Name                               Link     Load   Length     Space
        CLASS   CODE           
                init                                 1A       1A        4         0
                reset_vec                             0        0        4         0
                ivt0x8                                8        8       12         0
                text74                            11734    11734        8         0
                text73                            1176A    1176A        2         0
                text72                            112D2    112D2       36         0
                text71                            1167E    1167E       16         0
                text70                            1172C    1172C        8         0
                text69                            11768    11768        2         0
                text68                            11294    11294       3E         0
                text67                            10B80    10B80       AA         0
                text66                            10FDE    10FDE       5E         0
                text65                            1174E    1174E        6         0
                text64                            10A26    10A26       AE         0
                text63                            1154A    1154A       2A         0
                text62                            11766    11766        2         0
                text61                            11764    11764        2         0
                text60                            10444    10444      120         0
                text59                            11254    11254       40         0
                text58                            113A4    113A4       34         0
                text57                            10C2A    10C2A       A2         0
                text56                            11694    11694       14         0
                text55                            1170A    1170A        E         0
                text54                            116FC    116FC        E         0
                text53                            116EE    116EE        E         0
                text52                            11214    11214       40         0
                text51                            116E0    116E0        E         0
                text50                            108C2    108C2       B6         0
                text49                            11650    11650       18         0
                text48                            11370    11370       34         0
                text47                            116D2    116D2        E         0
                text46                            116C4    116C4        E         0
                text45                            11188    11188       4C         0
                text44                            116B6    116B6        E         0
                text43                            11520    11520       2A         0
                text42                            11602    11602       1E         0
                text41                            116A8    116A8        E         0
                text40                            11748    11748        6         0
                text39                            11742    11742        6         0
                text38                            114F4    114F4       2C         0
                text37                            11638    11638       18         0
                text36                            1133C    1133C       34         0
                text35                            1146C    1146C       30         0
                text34                            10F0E    10F0E       6E         0
                text33                            114C8    114C8       2C         0
                text32                            115E0    115E0       22         0
                text31                            11724    11724        8         0
                text30                            1143C    1143C       30         0
                text29                            1175C    1175C        4         0
                text28                            11718    11718        C         0
                text27                            11668    11668       16         0
                text26                            1159A    1159A       24         0
                text25                            10E92    10E92       7C         0
                text24                            11574    11574       26         0
                text23                            1140A    1140A       32         0
                text22                            10736    10736       CA         0
                text21                            1149C    1149C       2C         0
                text20                            11136    11136       52         0
                text19                            115BE    115BE       22         0
                text18                            110E4    110E4       52         0
                text17                            1103C    1103C       56         0
                text16                            10CCC    10CCC       9C         0
                text15                            113D8    113D8       32         0
                text14                            10D68    10D68       9A         0
                text13                            10AD4    10AD4       AC         0
                text12                            1173C    1173C        6         0
                text11                            11758    11758        4         0
                text10                            11754    11754        4         0
                text9                             10800    10800       C2         0
                text8                             10978    10978       AE         0
                text7                             11308    11308       34         0
                text6                             11762    11762        2         0
                text5                             1066C    1066C       CA         0
                text4                             10000    10000      248         0
                text3                             10F7C    10F7C       62         0
                text2                             10564    10564      108         0
                text1                             10248    10248      1FC         0
                text0                             11092    11092       52         0
                cinit                             10E02    10E02       90         0
                idataBANK6                        111D4    111D4       40         0
                idataBANK5                        11620    11620       18         0
                idataCOMRAM                       11760    11760        2         0

        CLASS   CONST          

        CLASS   SMALLCONST     

        CLASS   MEDIUMCONST    
                mediumconst                        FE34     FE34      1CC         0

        CLASS   COMRAM         
                cstackCOMRAM                        501      501       3E         1
                dataCOMRAM                          54C      54C        2         1
                bssCOMRAM                           53F      53F        D         1

        CLASS   ABS1           

        CLASS   BIGRAM         

        CLASS   RAM            

        CLASS   BANK5          
                cstackBANK5                         590      590       11         1
                dataBANK5                           578      578       18         1
                bssBANK5                            5A1      5A1        B         1
                nvBANK5                             560      560       18         1

        CLASS   BANK6          
                cstackBANK6                         600      600       65         1
                dataBANK6                           6A5      6A5       40         1
                bssBANK6                            665      665       40         1

        CLASS   BANK7          

        CLASS   BANK8          

        CLASS   BANK9          

        CLASS   BANK10         

        CLASS   BANK11         

        CLASS   BANK12         

        CLASS   BANK13         

        CLASS   BANK14         

        CLASS   BANK15         

        CLASS   BANK16         

        CLASS   BANK17         

        CLASS   BANK18         

        CLASS   BANK19         

        CLASS   BANK20         

        CLASS   BANK21         

        CLASS   BANK22         

        CLASS   BANK23         

        CLASS   BANK24         

        CLASS   BANK25         

        CLASS   BANK26         

        CLASS   BANK27         

        CLASS   BANK28         

        CLASS   BANK29         

        CLASS   BANK30         

        CLASS   BANK31         

        CLASS   BANK32         

        CLASS   BANK33         

        CLASS   BANK34         

        CLASS   BANK35         

        CLASS   BANK36         

        CLASS   SFR            

        CLASS   BIGSFR         

        CLASS   CONFIG         
                config                           300000   300000        A         4

        CLASS   IDLOC          

        CLASS   EEDATA         

        CLASS   FARRAM         

        CLASS   HEAP           

        CLASS   STACK          



SEGMENTS        Name                           Load    Length   Top    Selector   Space  Class

                reset_vec                      000000  000004  000004         0       0  CODE    
                text4                          010000  00176C  01176C      8000       0  CODE    
                ivt0x8                         000008  000016  00001E         4       0  CODE    
                cstackBANK6                    000600  0000E5  0006E5       600       1  BANK6   
                nvBANK5                        000560  00004C  0005AC       560       1  BANK5   
                mediumconst                    00FE34  0001CC  010000      7F1A       0  MEDIUMCO
                cstackCOMRAM                   000501  00004D  00054E       501       1  COMRAM  


UNUSED ADDRESS RANGES

        Name                Unused          Largest block    Delta
        BANK10           000A00-000AFF              100
        BANK11           000B00-000BFF              100
        BANK12           000C00-000CFF              100
        BANK13           000D00-000DFF              100
        BANK14           000E00-000EFF              100
        BANK15           000F00-000FFF              100
        BANK16           001000-0010FF              100
        BANK17           001100-0011FF              100
        BANK18           001200-0012FF              100
        BANK19           001300-0013FF              100
        BANK20           001400-0014FF              100
        BANK21           001500-0015FF              100
        BANK22           001600-0016FF              100
        BANK23           001700-0017FF              100
        BANK24           001800-0018FF              100
        BANK25           001900-0019FF              100
        BANK26           001A00-001AFF              100
        BANK27           001B00-001BFF              100
        BANK28           001C00-001CFF              100
        BANK29           001D00-001DFF              100
        BANK30           001E00-001EFF              100
        BANK31           001F00-001FFF              100
        BANK32           002000-0020FF              100
        BANK33           002100-0021FF              100
        BANK34           002200-0022FF              100
        BANK35           002300-0023FF              100
        BANK36           002400-0024FF              100
        BANK5            0005AC-0005FF               54
        BANK6            0006E5-0006FF               1B
        BANK7            000700-0007FF              100
        BANK8            000800-0008FF              100
        BANK9            000900-0009FF              100
        BIGRAM           00054E-00055F               12
                         0005AC-0005FF               54
                         0006E5-0024FF             1E1B
        BIGSFR           000000-0004FF              500
                         002500-0025FF              100
        CODE             000004-000007                4
                         00001E-00FE33             FE16
                         01176C-01FFFF             E894
        COMRAM           00054E-00055F               12
        CONFIG           30000A-300011                8
        CONST            000004-000007                4
                         00001E-00FE33             FE16
                         01176C-01FFFF             E894
        EEDATA           380000-3803FF              400
        IDLOC            200000-20003F               40
        MEDIUMCONST      002600-00FE33             D834
                         012600-01FFFF             DA00
        RAM              0005AC-0005FF               54
                         0006E5-0024FF              100
        SFR              000000-0004FF              100
                         002500-0025FF              100
        SMALLCONST       002600-00FE33              100
                         01176C-01FFFF              100

                                  Symbol Table

?_Nrf24_setRADDR                               cstackCOMRAM 000516
?_Nrf24_setTADDR                               cstackCOMRAM 000516
?___awdiv                                      cstackCOMRAM 00050C
?___awmod                                      cstackCOMRAM 00050C
?_abs                                          cstackCOMRAM 000512
?_snprintf                                     cstackCOMRAM 000530
?_vfpfcnvrt                                    cstackCOMRAM 000516
?_vfprintf                                     cstackCOMRAM 000528
?i2___awmod                                    cstackCOMRAM 000501
AdvancedSettings@dev                           cstackCOMRAM 00051A
Buttoncheck@col                                cstackCOMRAM 000509
DELAY_microseconds@microseconds                cstackCOMRAM 00050C
DELAY_milliseconds@milliseconds                cstackCOMRAM 00050C
INT0_SetInterruptHandler@InterruptHandler      cstackCOMRAM 00050C
INT1_SetInterruptHandler@InterruptHandler      cstackCOMRAM 00050C
INT2_SetInterruptHandler@InterruptHandler      cstackCOMRAM 00050C
IVTBASEH                                       (abs)        00045E
IVTBASEL                                       (abs)        00045D
IVTBASEU                                       (abs)        00045F
IsColumnPressed@col                            cstackCOMRAM 000501
Nrf24_SetSpeedDataRates@dev                    cstackCOMRAM 000516
Nrf24_SetSpeedDataRates@val                    cstackCOMRAM 000518
Nrf24_SetSpeedDataRates@value                  cstackCOMRAM 000519
Nrf24_config@channel                           cstackCOMRAM 00051B
Nrf24_config@dev                               cstackCOMRAM 000519
Nrf24_config@payload                           cstackCOMRAM 00051C
Nrf24_configRegister@reg                       cstackCOMRAM 00050F
Nrf24_configRegister@value                     cstackCOMRAM 00050E
Nrf24_dataReady@dev                            cstackCOMRAM 000519
Nrf24_dataReady@status                         cstackCOMRAM 00051B
Nrf24_flushRx@dev                              cstackCOMRAM 00050E
Nrf24_getData@data                             cstackCOMRAM 000514
Nrf24_getData@dev                              cstackCOMRAM 000512
Nrf24_getStatus@dev                            cstackCOMRAM 000516
Nrf24_getStatus@rv                             cstackCOMRAM 000518
Nrf24_init@dev                                 cstackCOMRAM 00050D
Nrf24_isSending@dev                            cstackCOMRAM 000519
Nrf24_isSending@status                         cstackCOMRAM 00051C
Nrf24_powerUpRx@dev                            cstackCOMRAM 000510
Nrf24_powerUpTx@dev                            cstackCOMRAM 000510
Nrf24_readRegister@len                         cstackCOMRAM 000514
Nrf24_readRegister@reg                         cstackCOMRAM 000515
Nrf24_readRegister@value                       cstackCOMRAM 000512
Nrf24_send@dev                                 cstackCOMRAM 000519
Nrf24_send@status                              cstackCOMRAM 00051E
Nrf24_send@value                               cstackCOMRAM 00051B
Nrf24_setRADDR@adr                             cstackCOMRAM 000518
Nrf24_setRADDR@buffer                          cstackCOMRAM 00051D
Nrf24_setRADDR@dev                             cstackCOMRAM 000516
Nrf24_setRADDR@i                               cstackCOMRAM 000524
Nrf24_setRADDR@ret                             cstackCOMRAM 000522
Nrf24_setRetransmitDelay@dev                   cstackCOMRAM 000516
Nrf24_setRetransmitDelay@val                   cstackCOMRAM 000518
Nrf24_setRetransmitDelay@value                 cstackCOMRAM 000519
Nrf24_setTADDR@adr                             cstackCOMRAM 000518
Nrf24_setTADDR@buffer                          cstackCOMRAM 00051D
Nrf24_setTADDR@dev                             cstackCOMRAM 000516
Nrf24_setTADDR@i                               cstackCOMRAM 000524
Nrf24_setTADDR@ret                             cstackCOMRAM 000522
Nrf24_writeRegister@len                        cstackCOMRAM 000514
Nrf24_writeRegister@reg                        cstackCOMRAM 000515
Nrf24_writeRegister@value                      cstackCOMRAM 000512
SPI1_ByteExchange@byteData                     cstackCOMRAM 00050C
SPI1_ByteExchange@returnValue                  cstackCOMRAM 00050D
SPI1_Open@spiConfigIndex                       cstackCOMRAM 00050C
SPI_read_buff@buffer                           cstackCOMRAM 00050E
SPI_read_buff@bytes                            cstackCOMRAM 000510
SPI_read_buff@i                                cstackCOMRAM 000511
SPI_write_buff@buffer                          cstackCOMRAM 00050E
SPI_write_buff@bytes                           cstackCOMRAM 000510
SPI_write_buff@i                               cstackCOMRAM 000511
SetRowActive@row                               cstackCOMRAM 000501
TMR0_OverflowCallbackRegister@callbackHandler  cstackCOMRAM 00050C
TMR1_GateCallbackRegister@CallbackHandler      cstackCOMRAM 00050C
TMR1_OverflowCallbackRegister@CallbackHandler  cstackCOMRAM 00050C
TMR1_Write@timerVal                            cstackCOMRAM 000501
TMR2_OverflowCallbackRegister@InterruptHandler cstackCOMRAM 00050C
_ACTCON                                        (abs)        0000AC
_ANSELA                                        (abs)        000400
_ANSELB                                        (abs)        000408
_ANSELC                                        (abs)        000410
_ANSELD                                        (abs)        000418
_ANSELE                                        (abs)        000420
_ANSELF                                        (abs)        000428
_AdvancedSettings                              text32       0115E0
_Buttoncheck                                   text60       010444
_CLOCK_Initialize                              text56       011694
_ClearButtonPress                              text31       011724
_DELAY_microseconds                            text18       0110E4
_DELAY_milliseconds                            text30       01143C
_INLVLA                                        (abs)        000404
_INLVLB                                        (abs)        00040C
_INLVLC                                        (abs)        000414
_INLVLD                                        (abs)        00041C
_INLVLE                                        (abs)        000424
_INLVLF                                        (abs)        00042C
_INT0_DefaultInterruptHandler                  (abs)        000000
_INT0_InterruptHandler                         nvBANK5      000575
_INT0_SetInterruptHandler                      text55       01170A
_INT1_DefaultInterruptHandler                  (abs)        000000
_INT1_InterruptHandler                         nvBANK5      000572
_INT1_SetInterruptHandler                      text54       0116FC
_INT2_DefaultInterruptHandler                  (abs)        000000
_INT2_InterruptHandler                         nvBANK5      00056F
_INT2_SetInterruptHandler                      text53       0116EE
_INTCON0bits                                   (abs)        0004D6
_INTERRUPT_Initialize                          text52       011214
_INTERRUPT_InterruptManager                    text57       010C2A
_IOCAF                                         (abs)        000407
_IOCAN                                         (abs)        000406
_IOCAP                                         (abs)        000405
_IOCBF                                         (abs)        00040F
_IOCBN                                         (abs)        00040E
_IOCBP                                         (abs)        00040D
_IOCCF                                         (abs)        000417
_IOCCFbits                                     (abs)        000417
_IOCCN                                         (abs)        000416
_IOCCP                                         (abs)        000415
_IOCEF                                         (abs)        000427
_IOCEN                                         (abs)        000426
_IOCEP                                         (abs)        000425
_IsButonChecked                                text29       01175C
_IsColumnPressed                               text67       010B80
_LATA                                          (abs)        0004BE
_LATB                                          (abs)        0004BF
_LATBbits                                      (abs)        0004BF
_LATC                                          (abs)        0004C0
_LATCbits                                      (abs)        0004C0
_LATD                                          (abs)        0004C1
_LATE                                          (abs)        0004C2
_LATF                                          (abs)        0004C3
_LATFbits                                      (abs)        0004C3
_Nrf24_SetSpeedDataRates                       text34       010F0E
_Nrf24_config                                  text25       010E92
_Nrf24_configRegister                          text37       011638
_Nrf24_dataReady                               text24       011574
_Nrf24_flushRx                                 text28       011718
_Nrf24_getData                                 text23       01140A
_Nrf24_getStatus                               text27       011668
_Nrf24_init                                    text21       01149C
_Nrf24_isSending                               text20       011136
_Nrf24_powerUpRx                               text26       01159A
_Nrf24_powerUpTx                               text19       0115BE
_Nrf24_readRegister                            text35       01146C
_Nrf24_send                                    text16       010CCC
_Nrf24_setRADDR                                text14       010D68
_Nrf24_setRetransmitDelay                      text33       0114C8
_Nrf24_setTADDR                                text13       010AD4
_Nrf24_writeRegister                           text15       0113D8
_ODCONA                                        (abs)        000402
_ODCONB                                        (abs)        00040A
_ODCONC                                        (abs)        000412
_ODCOND                                        (abs)        00041A
_ODCONE                                        (abs)        000422
_ODCONF                                        (abs)        00042A
_OSCCON1                                       (abs)        0000AD
_OSCCON3                                       (abs)        0000AF
_OSCEN                                         (abs)        0000B3
_OSCFRQ                                        (abs)        0000B1
_OSCTUNE                                       (abs)        0000B0
_PIE0bits                                      (abs)        00049E
_PIE3bits                                      (abs)        0004A1
_PIN_MANAGER_IOC                               text71       01167E
_PIN_MANAGER_Initialize                        text50       0108C2
_PIR0bits                                      (abs)        0004AE
_PIR10bits                                     (abs)        0004B8
_PIR1bits                                      (abs)        0004AF
_PIR3bits                                      (abs)        0004B1
_PIR6bits                                      (abs)        0004B4
_PORTCbits                                     (abs)        0004D0
_PORTDbits                                     (abs)        0004D1
_PR2                                           (abs)        000323
_RB1I2C                                        (abs)        000289
_RB2I2C                                        (abs)        000288
_RC3I2C                                        (abs)        000287
_RC3PPS                                        (abs)        000214
_RC4I2C                                        (abs)        000286
_RC4PPS                                        (abs)        000215
_SLRCONA                                       (abs)        000403
_SLRCONB                                       (abs)        00040B
_SLRCONC                                       (abs)        000413
_SLRCOND                                       (abs)        00041B
_SLRCONE                                       (abs)        000423
_SLRCONF                                       (abs)        00042B
_SPI1BAUD                                      (abs)        000089
_SPI1CLK                                       (abs)        00008C
_SPI1CON0                                      (abs)        000084
_SPI1CON0bits                                  (abs)        000084
_SPI1CON1                                      (abs)        000085
_SPI1CON2                                      (abs)        000086
_SPI1INTFbits                                  (abs)        00008A
_SPI1RXB                                       (abs)        000080
_SPI1SCKPPS                                    (abs)        00026A
_SPI1SDIPPS                                    (abs)        00026B
_SPI1STATUSbits                                (abs)        000087
_SPI1TCNTH                                     (abs)        000083
_SPI1TCNTL                                     (abs)        000082
_SPI1TXB                                       (abs)        000081
_SPI1_BufferExchange                           (abs)        000000
_SPI1_BufferRead                               (abs)        000000
_SPI1_BufferWrite                              (abs)        000000
_SPI1_ByteExchange                             text38       0114F4
_SPI1_ByteRead                                 (abs)        000000
_SPI1_ByteWrite                                (abs)        000000
_SPI1_Close                                    (abs)        000000
_SPI1_Deinitialize                             (abs)        000000
_SPI1_Host                                     mediumconst  00FE35
_SPI1_Initialize                               text49       011650
_SPI1_IsRxReady                                (abs)        000000
_SPI1_IsTxReady                                (abs)        000000
_SPI1_Open                                     text22       010736
_SPI_read_buff                                 text36       01133C
_SPI_write_buff                                text17       01103C
_SYSTEM_Initialize                             text42       011602
_SetRowActive                                  text66       010FDE
_T0CON0                                        (abs)        00031A
_T0CON0bits                                    (abs)        00031A
_T0CON1                                        (abs)        00031B
_T1CLK                                         (abs)        000321
_T1CON                                         (abs)        00031E
_T1CONbits                                     (abs)        00031E
_T1GATE                                        (abs)        000320
_T1GCON                                        (abs)        00031F
_T1GCONbits                                    (abs)        00031F
_T2CLKCON                                      (abs)        000326
_T2CON                                         (abs)        000324
_T2CONbits                                     (abs)        000324
_T2HLT                                         (abs)        000325
_T2HLTbits                                     (abs)        000325
_T2PR                                          (abs)        000323
_T2RST                                         (abs)        000327
_T2RSTbits                                     (abs)        000327
_T2TMR                                         (abs)        000322
_TMR0H                                         (abs)        000319
_TMR0L                                         (abs)        000318
_TMR0_DefaultCallback                          text69       011768
_TMR0_ISR                                      text68       011294
_TMR0_Initialize                               text48       011370
_TMR0_OverflowCallback                         nvBANK5      000569
_TMR0_OverflowCallbackRegister                 text41       0116A8
_TMR0_Start                                    text40       011748
_TMR1H                                         (abs)        00031D
_TMR1L                                         (abs)        00031C
_TMR1_DefaultGateCallback                      (abs)        000000
_TMR1_DefaultOverflowCallback                  text61       011764
_TMR1_GateCallback                             nvBANK5      000563
_TMR1_GateCallbackRegister                     text47       0116D2
_TMR1_Initialize                               text45       011188
_TMR1_InterruptHandler                         bssBANK5     0005A1
_TMR1_OverflowCallback                         nvBANK5      000566
_TMR1_OverflowCallbackRegister                 text46       0116C4
_TMR1_OverflowISR                              text59       011254
_TMR1_PeriodCountSet                           (abs)        000000
_TMR1_Start                                    (abs)        000000
_TMR1_Stop                                     text39       011742
_TMR1_Write                                    text63       01154A
_TMR2                                          (abs)        000322
_TMR2_DefaultOverflowCallback                  text62       011766
_TMR2_ISR                                      text58       0113A4
_TMR2_Initialize                               text43       011520
_TMR2_OverflowCallback                         nvBANK5      000560
_TMR2_OverflowCallbackRegister                 text44       0116B6
_TMR2_PeriodCountSet                           (abs)        000000
_TMR2_Start                                    text12       01173C
_TMR2_Stop                                     text65       01174E
_TRISA                                         (abs)        0004C6
_TRISB                                         (abs)        0004C7
_TRISC                                         (abs)        0004C8
_TRISCbits                                     (abs)        0004C8
_TRISD                                         (abs)        0004C9
_TRISE                                         (abs)        0004CA
_TRISF                                         (abs)        0004CB
_Timer1                                        mediumconst  00FE71
_Timer2                                        mediumconst  00FE5F
_WPUA                                          (abs)        000401
_WPUB                                          (abs)        000409
_WPUC                                          (abs)        000411
_WPUD                                          (abs)        000419
_WPUE                                          (abs)        000421
_WPUF                                          (abs)        000429
__HRAM                                         (abs)        000000
__H__absolute__                                __absolute__ 000000
__Habs1                                        abs1         000000
__Hbank10                                      bank10       000000
__Hbank11                                      bank11       000000
__Hbank12                                      bank12       000000
__Hbank13                                      bank13       000000
__Hbank14                                      bank14       000000
__Hbank15                                      bank15       000000
__Hbank16                                      bank16       000000
__Hbank17                                      bank17       000000
__Hbank18                                      bank18       000000
__Hbank19                                      bank19       000000
__Hbank20                                      bank20       000000
__Hbank21                                      bank21       000000
__Hbank22                                      bank22       000000
__Hbank23                                      bank23       000000
__Hbank24                                      bank24       000000
__Hbank25                                      bank25       000000
__Hbank26                                      bank26       000000
__Hbank27                                      bank27       000000
__Hbank28                                      bank28       000000
__Hbank29                                      bank29       000000
__Hbank30                                      bank30       000000
__Hbank31                                      bank31       000000
__Hbank32                                      bank32       000000
__Hbank33                                      bank33       000000
__Hbank34                                      bank34       000000
__Hbank35                                      bank35       000000
__Hbank36                                      bank36       000000
__Hbank5                                       bank5        000000
__Hbank6                                       bank6        000000
__Hbank7                                       bank7        000000
__Hbank8                                       bank8        000000
__Hbank9                                       bank9        000000
__Hbigbss                                      bigbss       000000
__Hbigdata                                     bigdata      000000
__Hbigram                                      bigram       000000
__Hbigsfr                                      bigsfr       000000
__Hbss                                         bss          000000
__HbssBANK5                                    bssBANK5     000000
__HbssBANK6                                    bssBANK6     000000
__HbssCOMRAM                                   bssCOMRAM    000000
__Hcinit                                       cinit        000000
__Hclrtext                                     clrtext      000000
__Hcomram                                      comram       000000
__Hconfig                                      config       30000A
__Hconst                                       const        000000
__HcstackBANK5                                 cstackBANK5  000000
__HcstackBANK6                                 cstackBANK6  000000
__HcstackCOMRAM                                cstackCOMRAM 000000
__Hdata                                        data         000000
__HdataBANK5                                   dataBANK5    000000
__HdataBANK6                                   dataBANK6    000000
__HdataCOMRAM                                  dataCOMRAM   000000
__Heeprom_data                                 eeprom_data  000000
__Hfarbss                                      farbss       000000
__Hfardata                                     fardata      000000
__Hheap                                        heap         000000
__Hibigdata                                    ibigdata     000000
__Hidata                                       idata        000000
__HidataBANK5                                  idataBANK5   000000
__HidataBANK6                                  idataBANK6   000000
__HidataCOMRAM                                 idataCOMRAM  000000
__Hidloc                                       idloc        000000
__Hifardata                                    ifardata     000000
__Hinit                                        init         00001E
__Hintsave_regs                                intsave_regs 000000
__Hirdata                                      irdata       000000
__Hivt0x8                                      ivt0x8       00001A
__Hmediumconst                                 mediumconst  010000
__HnvBANK5                                     nvBANK5      000000
__HnvFARRAM                                    nvFARRAM     000000
__Hnvbit                                       nvbit        000000
__Hnvrram                                      nvrram       000000
__Hparam                                       rparam       000000
__Hpowerup                                     powerup      000000
__Hram                                         ram          000000
__Hramtop                                      ramtop       002600
__Hrbit                                        rbit         000000
__Hrbss                                        rbss         000000
__Hrdata                                       rdata        000000
__Hreset_vec                                   reset_vec    000004
__Hrparam                                      rparam       000000
__Hsfr                                         sfr          000000
__Hsmallconst                                  smallconst   000000
__Hspace_0                                     (abs)        01176C
__Hspace_1                                     (abs)        0006E5
__Hspace_2                                     (abs)        000000
__Hspace_4                                     (abs)        60000A
__Hstack                                       stack        000000
__Hstruct                                      struct       000000
__Htemp                                        temp         000000
__Htext                                        text         000000
__Htext0                                       text0        000000
__Htext1                                       text1        000000
__Htext10                                      text10       000000
__Htext11                                      text11       000000
__Htext12                                      text12       000000
__Htext13                                      text13       000000
__Htext14                                      text14       000000
__Htext15                                      text15       000000
__Htext16                                      text16       000000
__Htext17                                      text17       000000
__Htext18                                      text18       000000
__Htext19                                      text19       000000
__Htext2                                       text2        000000
__Htext20                                      text20       000000
__Htext21                                      text21       000000
__Htext22                                      text22       000000
__Htext23                                      text23       000000
__Htext24                                      text24       000000
__Htext25                                      text25       000000
__Htext26                                      text26       000000
__Htext27                                      text27       000000
__Htext28                                      text28       000000
__Htext29                                      text29       000000
__Htext3                                       text3        000000
__Htext30                                      text30       000000
__Htext31                                      text31       000000
__Htext32                                      text32       000000
__Htext33                                      text33       000000
__Htext34                                      text34       000000
__Htext35                                      text35       000000
__Htext36                                      text36       000000
__Htext37                                      text37       000000
__Htext38                                      text38       000000
__Htext39                                      text39       000000
__Htext4                                       text4        000000
__Htext40                                      text40       000000
__Htext41                                      text41       000000
__Htext42                                      text42       000000
__Htext43                                      text43       000000
__Htext44                                      text44       000000
__Htext45                                      text45       000000
__Htext46                                      text46       000000
__Htext47                                      text47       000000
__Htext48                                      text48       000000
__Htext49                                      text49       000000
__Htext5                                       text5        000000
__Htext50                                      text50       000000
__Htext51                                      text51       000000
__Htext52                                      text52       000000
__Htext53                                      text53       000000
__Htext54                                      text54       000000
__Htext55                                      text55       000000
__Htext56                                      text56       000000
__Htext57                                      text57       000000
__Htext58                                      text58       000000
__Htext59                                      text59       000000
__Htext6                                       text6        000000
__Htext60                                      text60       000000
__Htext61                                      text61       000000
__Htext62                                      text62       000000
__Htext63                                      text63       000000
__Htext64                                      text64       000000
__Htext65                                      text65       000000
__Htext66                                      text66       000000
__Htext67                                      text67       000000
__Htext68                                      text68       000000
__Htext69                                      text69       000000
__Htext7                                       text7        000000
__Htext70                                      text70       000000
__Htext71                                      text71       000000
__Htext72                                      text72       000000
__Htext73                                      text73       000000
__Htext74                                      text74       000000
__Htext8                                       text8        000000
__Htext9                                       text9        000000
__LRAM                                         (abs)        000001
__L__absolute__                                __absolute__ 000000
__Labs1                                        abs1         000000
__Lbank10                                      bank10       000000
__Lbank11                                      bank11       000000
__Lbank12                                      bank12       000000
__Lbank13                                      bank13       000000
__Lbank14                                      bank14       000000
__Lbank15                                      bank15       000000
__Lbank16                                      bank16       000000
__Lbank17                                      bank17       000000
__Lbank18                                      bank18       000000
__Lbank19                                      bank19       000000
__Lbank20                                      bank20       000000
__Lbank21                                      bank21       000000
__Lbank22                                      bank22       000000
__Lbank23                                      bank23       000000
__Lbank24                                      bank24       000000
__Lbank25                                      bank25       000000
__Lbank26                                      bank26       000000
__Lbank27                                      bank27       000000
__Lbank28                                      bank28       000000
__Lbank29                                      bank29       000000
__Lbank30                                      bank30       000000
__Lbank31                                      bank31       000000
__Lbank32                                      bank32       000000
__Lbank33                                      bank33       000000
__Lbank34                                      bank34       000000
__Lbank35                                      bank35       000000
__Lbank36                                      bank36       000000
__Lbank5                                       bank5        000000
__Lbank6                                       bank6        000000
__Lbank7                                       bank7        000000
__Lbank8                                       bank8        000000
__Lbank9                                       bank9        000000
__Lbigbss                                      bigbss       000000
__Lbigdata                                     bigdata      000000
__Lbigram                                      bigram       000000
__Lbigsfr                                      bigsfr       000000
__Lbss                                         bss          000000
__LbssBANK5                                    bssBANK5     000000
__LbssBANK6                                    bssBANK6     000000
__LbssCOMRAM                                   bssCOMRAM    000000
__Lcinit                                       cinit        000000
__Lclrtext                                     clrtext      000000
__Lcomram                                      comram       000000
__Lconfig                                      config       000000
__Lconst                                       const        000000
__LcstackBANK5                                 cstackBANK5  000000
__LcstackBANK6                                 cstackBANK6  000000
__LcstackCOMRAM                                cstackCOMRAM 000000
__Ldata                                        data         000000
__LdataBANK5                                   dataBANK5    000000
__LdataBANK6                                   dataBANK6    000000
__LdataCOMRAM                                  dataCOMRAM   000000
__Leeprom_data                                 eeprom_data  000000
__Lfarbss                                      farbss       000000
__Lfardata                                     fardata      000000
__Lheap                                        heap         000000
__Libigdata                                    ibigdata     000000
__Lidata                                       idata        000000
__LidataBANK5                                  idataBANK5   000000
__LidataBANK6                                  idataBANK6   000000
__LidataCOMRAM                                 idataCOMRAM  000000
__Lidloc                                       idloc        000000
__Lifardata                                    ifardata     000000
__Linit                                        init         00001A
__Lintsave_regs                                intsave_regs 000000
__Lirdata                                      irdata       000000
__Livt0x8                                      ivt0x8       000008
__Lmediumconst                                 mediumconst  00FE34
__LnvBANK5                                     nvBANK5      000000
__LnvFARRAM                                    nvFARRAM     000000
__Lnvbit                                       nvbit        000000
__Lnvrram                                      nvrram       000000
__Lparam                                       rparam       000000
__Lpowerup                                     powerup      000000
__Lram                                         ram          000000
__Lramtop                                      ramtop       002600
__Lrbit                                        rbit         000000
__Lrbss                                        rbss         000000
__Lrdata                                       rdata        000000
__Lreset_vec                                   reset_vec    000000
__Lrparam                                      rparam       000000
__Lsfr                                         sfr          000000
__Lsmallconst                                  smallconst   000000
__Lspace_0                                     (abs)        000000
__Lspace_1                                     (abs)        000000
__Lspace_2                                     (abs)        000000
__Lspace_4                                     (abs)        000000
__Lstack                                       stack        000000
__Lstruct                                      struct       000000
__Ltemp                                        temp         000000
__Ltext                                        text         000000
__Ltext0                                       text0        000000
__Ltext1                                       text1        000000
__Ltext10                                      text10       000000
__Ltext11                                      text11       000000
__Ltext12                                      text12       000000
__Ltext13                                      text13       000000
__Ltext14                                      text14       000000
__Ltext15                                      text15       000000
__Ltext16                                      text16       000000
__Ltext17                                      text17       000000
__Ltext18                                      text18       000000
__Ltext19                                      text19       000000
__Ltext2                                       text2        000000
__Ltext20                                      text20       000000
__Ltext21                                      text21       000000
__Ltext22                                      text22       000000
__Ltext23                                      text23       000000
__Ltext24                                      text24       000000
__Ltext25                                      text25       000000
__Ltext26                                      text26       000000
__Ltext27                                      text27       000000
__Ltext28                                      text28       000000
__Ltext29                                      text29       000000
__Ltext3                                       text3        000000
__Ltext30                                      text30       000000
__Ltext31                                      text31       000000
__Ltext32                                      text32       000000
__Ltext33                                      text33       000000
__Ltext34                                      text34       000000
__Ltext35                                      text35       000000
__Ltext36                                      text36       000000
__Ltext37                                      text37       000000
__Ltext38                                      text38       000000
__Ltext39                                      text39       000000
__Ltext4                                       text4        000000
__Ltext40                                      text40       000000
__Ltext41                                      text41       000000
__Ltext42                                      text42       000000
__Ltext43                                      text43       000000
__Ltext44                                      text44       000000
__Ltext45                                      text45       000000
__Ltext46                                      text46       000000
__Ltext47                                      text47       000000
__Ltext48                                      text48       000000
__Ltext49                                      text49       000000
__Ltext5                                       text5        000000
__Ltext50                                      text50       000000
__Ltext51                                      text51       000000
__Ltext52                                      text52       000000
__Ltext53                                      text53       000000
__Ltext54                                      text54       000000
__Ltext55                                      text55       000000
__Ltext56                                      text56       000000
__Ltext57                                      text57       000000
__Ltext58                                      text58       000000
__Ltext59                                      text59       000000
__Ltext6                                       text6        000000
__Ltext60                                      text60       000000
__Ltext61                                      text61       000000
__Ltext62                                      text62       000000
__Ltext63                                      text63       000000
__Ltext64                                      text64       000000
__Ltext65                                      text65       000000
__Ltext66                                      text66       000000
__Ltext67                                      text67       000000
__Ltext68                                      text68       000000
__Ltext69                                      text69       000000
__Ltext7                                       text7        000000
__Ltext70                                      text70       000000
__Ltext71                                      text71       000000
__Ltext72                                      text72       000000
__Ltext73                                      text73       000000
__Ltext74                                      text74       000000
__Ltext8                                       text8        000000
__Ltext9                                       text9        000000
__S0                                           (abs)        01176C
__S1                                           (abs)        0006E5
__S4                                           (abs)        000000
__S5                                           (abs)        000000
___awdiv                                       text9        010800
___awdiv@counter                               cstackCOMRAM 000510
___awdiv@dividend                              cstackCOMRAM 00050C
___awdiv@divisor                               cstackCOMRAM 00050E
___awdiv@quotient                              cstackCOMRAM 000512
___awdiv@sign                                  cstackCOMRAM 000511
___awmod                                       text8        010978
___awmod@counter                               cstackCOMRAM 000510
___awmod@dividend                              cstackCOMRAM 00050C
___awmod@divisor                               cstackCOMRAM 00050E
___awmod@sign                                  cstackCOMRAM 000511
___heap_hi                                     (abs)        000000
___heap_lo                                     (abs)        000000
___inthi_sp                                    stack        000000
___inthi_stack_hi                              stack        000000
___inthi_stack_lo                              stack        000000
___intlo_sp                                    stack        000000
___intlo_stack_hi                              stack        000000
___intlo_stack_lo                              stack        000000
___param_bank                                  (abs)        000000
___rparam_used                                 (abs)        000001
___sp                                          stack        000000
___stack_hi                                    stack        000000
___stack_lo                                    stack        000000
__accesstop                                    (abs)        000560
__activetblptr                                 (abs)        000003
__end_of_AdvancedSettings                      text32       011602
__end_of_Buttoncheck                           text60       010564
__end_of_CLOCK_Initialize                      text56       0116A8
__end_of_ClearButtonPress                      text31       01172C
__end_of_DELAY_microseconds                    text18       011136
__end_of_DELAY_milliseconds                    text30       01146C
__end_of_INT0_SetInterruptHandler              text55       011718
__end_of_INT1_SetInterruptHandler              text54       01170A
__end_of_INT2_SetInterruptHandler              text53       0116FC
__end_of_INTERRUPT_Initialize                  text52       011254
__end_of_INTERRUPT_InterruptManager            text57       010CCC
__end_of_IsButonChecked                        text29       011760
__end_of_IsColumnPressed                       text67       010C2A
__end_of_Nrf24_SetSpeedDataRates               text34       010F7C
__end_of_Nrf24_config                          text25       010F0E
__end_of_Nrf24_configRegister                  text37       011650
__end_of_Nrf24_dataReady                       text24       01159A
__end_of_Nrf24_flushRx                         text28       011724
__end_of_Nrf24_getData                         text23       01143C
__end_of_Nrf24_getStatus                       text27       01167E
__end_of_Nrf24_init                            text21       0114C8
__end_of_Nrf24_isSending                       text20       011188
__end_of_Nrf24_powerUpRx                       text26       0115BE
__end_of_Nrf24_powerUpTx                       text19       0115E0
__end_of_Nrf24_readRegister                    text35       01149C
__end_of_Nrf24_send                            text16       010D68
__end_of_Nrf24_setRADDR                        text14       010E02
__end_of_Nrf24_setRetransmitDelay              text33       0114F4
__end_of_Nrf24_setTADDR                        text13       010B80
__end_of_Nrf24_writeRegister                   text15       01140A
__end_of_PIN_MANAGER_IOC                       text71       011694
__end_of_PIN_MANAGER_Initialize                text50       010978
__end_of_SPI1_ByteExchange                     text38       011520
__end_of_SPI1_Host                             mediumconst  00FE5F
__end_of_SPI1_Initialize                       text49       011668
__end_of_SPI1_Open                             text22       010800
__end_of_SPI_read_buff                         text36       011370
__end_of_SPI_write_buff                        text17       011092
__end_of_SYSTEM_Initialize                     text42       011620
__end_of_SetRowActive                          text66       01103C
__end_of_TMR0_DefaultCallback                  text69       01176A
__end_of_TMR0_ISR                              text68       0112D2
__end_of_TMR0_Initialize                       text48       0113A4
__end_of_TMR0_OverflowCallbackRegister         text41       0116B6
__end_of_TMR0_Start                            text40       01174E
__end_of_TMR1_DefaultOverflowCallback          text61       011766
__end_of_TMR1_GateCallbackRegister             text47       0116E0
__end_of_TMR1_Initialize                       text45       0111D4
__end_of_TMR1_OverflowCallbackRegister         text46       0116D2
__end_of_TMR1_OverflowISR                      text59       011294
__end_of_TMR1_Stop                             text39       011748
__end_of_TMR1_Write                            text63       011574
__end_of_TMR2_DefaultOverflowCallback          text62       011768
__end_of_TMR2_ISR                              text58       0113D8
__end_of_TMR2_Initialize                       text43       01154A
__end_of_TMR2_OverflowCallbackRegister         text44       0116C4
__end_of_TMR2_Start                            text12       011742
__end_of_TMR2_Stop                             text65       011754
__end_of_Timer1                                mediumconst  00FE83
__end_of_Timer2                                mediumconst  00FE71
__end_of___awdiv                               text9        0108C2
__end_of___awmod                               text8        010A26
__end_of__initialization                       cinit        010E8C
__end_of_abs                                   text7        01133C
__end_of_fputc                                 text5        010736
__end_of_getCol                                text11       01175C
__end_of_getRow                                text10       011758
__end_of_main                                  text0        0110E4
__end_of_nRF24_IRQ_DefaultInterruptHandler     text73       01176C
__end_of_nRF24_IRQ_ISR                         text72       011308
__end_of_nRF24_IRQ_SetInterruptHandler         text51       0116EE
__end_of_nrf_irq                               text74       01173C
__end_of_putch                                 text6        011764
__end_of_rf24_crclength                        mediumconst  00FEB0
__end_of_slave                                 text1        010444
__end_of_snprintf                              text2        01066C
__end_of_spi1_configuration                    mediumconst  00FE92
__end_of_tmr0_irq                              text70       011734
__end_of_vfpfcnvrt                             text4        010248
__end_of_vfprintf                              text3        010FDE
__end_ofi2___awmod                             text64       010AD4
__initialization                               cinit        010E02
__mediumconst                                  mediumconst  00FE34
__pbssBANK5                                    bssBANK5     0005A1
__pbssBANK6                                    bssBANK6     000665
__pbssCOMRAM                                   bssCOMRAM    00053F
__pcinit                                       cinit        010E02
__pcstackBANK5                                 cstackBANK5  000590
__pcstackBANK6                                 cstackBANK6  000600
__pcstackCOMRAM                                cstackCOMRAM 000501
__pdataBANK5                                   dataBANK5    000578
__pdataBANK6                                   dataBANK6    0006A5
__pdataCOMRAM                                  dataCOMRAM   00054C
__pidataBANK5                                  idataBANK5   011620
__pidataBANK6                                  idataBANK6   0111D4
__pidataCOMRAM                                 idataCOMRAM  011760
__pivt0x8                                      ivt0x8       000008
__pmediumconst                                 mediumconst  00FE34
__pnvBANK5                                     nvBANK5      000560
__ptext0                                       text0        011092
__ptext1                                       text1        010248
__ptext10                                      text10       011754
__ptext11                                      text11       011758
__ptext12                                      text12       01173C
__ptext13                                      text13       010AD4
__ptext14                                      text14       010D68
__ptext15                                      text15       0113D8
__ptext16                                      text16       010CCC
__ptext17                                      text17       01103C
__ptext18                                      text18       0110E4
__ptext19                                      text19       0115BE
__ptext2                                       text2        010564
__ptext20                                      text20       011136
__ptext21                                      text21       01149C
__ptext22                                      text22       010736
__ptext23                                      text23       01140A
__ptext24                                      text24       011574
__ptext25                                      text25       010E92
__ptext26                                      text26       01159A
__ptext27                                      text27       011668
__ptext28                                      text28       011718
__ptext29                                      text29       01175C
__ptext3                                       text3        010F7C
__ptext30                                      text30       01143C
__ptext31                                      text31       011724
__ptext32                                      text32       0115E0
__ptext33                                      text33       0114C8
__ptext34                                      text34       010F0E
__ptext35                                      text35       01146C
__ptext36                                      text36       01133C
__ptext37                                      text37       011638
__ptext38                                      text38       0114F4
__ptext39                                      text39       011742
__ptext4                                       text4        010000
__ptext40                                      text40       011748
__ptext41                                      text41       0116A8
__ptext42                                      text42       011602
__ptext43                                      text43       011520
__ptext44                                      text44       0116B6
__ptext45                                      text45       011188
__ptext46                                      text46       0116C4
__ptext47                                      text47       0116D2
__ptext48                                      text48       011370
__ptext49                                      text49       011650
__ptext5                                       text5        01066C
__ptext50                                      text50       0108C2
__ptext51                                      text51       0116E0
__ptext52                                      text52       011214
__ptext53                                      text53       0116EE
__ptext54                                      text54       0116FC
__ptext55                                      text55       01170A
__ptext56                                      text56       011694
__ptext57                                      text57       010C2A
__ptext58                                      text58       0113A4
__ptext59                                      text59       011254
__ptext6                                       text6        011762
__ptext60                                      text60       010444
__ptext61                                      text61       011764
__ptext62                                      text62       011766
__ptext63                                      text63       01154A
__ptext64                                      text64       010A26
__ptext65                                      text65       01174E
__ptext66                                      text66       010FDE
__ptext67                                      text67       010B80
__ptext68                                      text68       011294
__ptext69                                      text69       011768
__ptext7                                       text7        011308
__ptext70                                      text70       01172C
__ptext71                                      text71       01167E
__ptext72                                      text72       0112D2
__ptext73                                      text73       01176A
__ptext74                                      text74       011734
__ptext8                                       text8        010978
__ptext9                                       text9        010800
__ramtop                                       ramtop       002600
__smallconst                                   smallconst   000000
_abs                                           text7        011308
_button_already_sent                           bssCOMRAM    000547
_button_pressed                                bssCOMRAM    00054B
_currentRow                                    bssCOMRAM    00054A
_dbuf                                          bssBANK6     000665
_debounceCounter                               bssCOMRAM    000548
_errno                                         bssBANK5     0005A8
_flags                                         bssCOMRAM    000545
_fputc                                         text5        01066C
_fsm_state                                     bssCOMRAM    000546
_getCol                                        text11       011758
_getRow                                        text10       011754
_main                                          text0        011092
_nRF24_IRQ_DefaultInterruptHandler             text73       01176A
_nRF24_IRQ_ISR                                 text72       0112D2
_nRF24_IRQ_InterruptHandler                    nvBANK5      00056C
_nRF24_IRQ_SetInterruptHandler                 text51       0116E0
_nout                                          bssCOMRAM    00053F
_nrf_flag                                      bssBANK5     0005AA
_nrf_irq                                       text74       011734
_prec                                          bssBANK5     0005A6
_pressedColumn                                 dataCOMRAM   00054C
_pressedRow                                    dataCOMRAM   00054D
_putch                                         text6        011762
_rf24_crclength                                mediumconst  00FE92
_rf24_datarates                                dataBANK5    000578
_rf24_pa_dbm                                   dataBANK6    0006C5
_send_ping_flag                                bssBANK5     0005AB
_settleCounter                                 bssCOMRAM    000549
_slave                                         text1        010248
_snprintf                                      text2        010564
_snprintf$2763                                 cstackBANK5  000590
_spi1_configuration                            mediumconst  00FE83
_timer1ReloadVal                               bssCOMRAM    000541
_tmr0PeriodCount                               bssCOMRAM    000543
_tmr0_irq                                      text70       01172C
_vfpfcnvrt                                     text4        010000
_vfprintf                                      text3        010F7C
_width                                         bssBANK5     0005A4
abs@a                                          cstackCOMRAM 000512
end_of_initialization                          cinit        010E8C
fputc@c                                        cstackCOMRAM 00050C
fputc@fp                                       cstackCOMRAM 00050E
i2___awmod                                     text64       010A26
i2___awmod@counter                             cstackCOMRAM 000505
i2___awmod@dividend                            cstackCOMRAM 000501
i2___awmod@divisor                             cstackCOMRAM 000503
i2___awmod@sign                                cstackCOMRAM 000506
intlevel0                                      text         000000
intlevel1                                      text         000000
intlevel2                                      text         000000
intlevel3                                      text         000000
isa$std                                        (abs)        000001
isa$xinst                                      (abs)        000000
ivt0x8_base                                    ivt0x8       000008
nRF24_IRQ_SetInterruptHandler@InterruptHandler cstackCOMRAM 00050C
slave@F18017                                   dataBANK6    0006A5
slave@buf                                      cstackBANK6  000620
slave@col                                      cstackBANK6  000661
slave@dev                                      cstackBANK6  000662
slave@ping_buf                                 cstackBANK6  000600
slave@pvParameters                             cstackCOMRAM 00053D
slave@row                                      cstackBANK6  000660
slave@sending_buf                              cstackBANK6  000640
snprintf@ap                                    cstackBANK5  000592
snprintf@cnt                                   cstackBANK5  000594
snprintf@f                                     cstackBANK5  000596
snprintf@fmt                                   cstackCOMRAM 000534
snprintf@n                                     cstackCOMRAM 000532
snprintf@s                                     cstackCOMRAM 000530
stackhi                                        (abs)        000000
stacklo                                        (abs)        000000
start                                          init         00001A
start_initialization                           cinit        010E02
vfpfcnvrt@ap                                   cstackCOMRAM 00051A
vfpfcnvrt@c                                    cstackCOMRAM 000527
vfpfcnvrt@cnt                                  cstackCOMRAM 00051F
vfpfcnvrt@convarg                              cstackCOMRAM 000523
vfpfcnvrt@cp                                   cstackCOMRAM 000521
vfpfcnvrt@done                                 cstackCOMRAM 00051E
vfpfcnvrt@fmt                                  cstackCOMRAM 000518
vfpfcnvrt@fp                                   cstackCOMRAM 000516
vfprintf@ap                                    cstackCOMRAM 00052C
vfprintf@cfmt                                  cstackCOMRAM 00052E
vfprintf@fmt                                   cstackCOMRAM 00052A
vfprintf@fp                                    cstackCOMRAM 000528


MODULE INFORMATION

Module		Function		Class		Link	Load	Size
/Applications/microchip/xc8/v2.50/pic/sources/c99/common/putch.c
		_putch         		CODE           	11762	0000	2

/Applications/microchip/xc8/v2.50/pic/sources/c99/common/putch.c estimated size: 2

/Applications/microchip/xc8/v2.50/pic/sources/c99/common/abs.c
		_abs           		CODE           	11308	0000	52

/Applications/microchip/xc8/v2.50/pic/sources/c99/common/abs.c estimated size: 52

/Applications/microchip/xc8/v2.50/pic/sources/c99/common/awmod.c
		___awmod       		CODE           	10978	0000	174

/Applications/microchip/xc8/v2.50/pic/sources/c99/common/awmod.c estimated size: 174

mcc_generated_files/timer/src/tmr1.c
		_TMR1_Initialize		CODE           	11188	0000	76
		_TMR1_Stop     		CODE           	11742	0000	6
		_TMR1_Write    		CODE           	1154A	0000	42
		_TMR1_OverflowCallbackRegister		CODE           	116C4	0000	14
		_TMR1_DefaultOverflowCallback		CODE           	11764	0000	2
		_TMR1_GateCallbackRegister		CODE           	116D2	0000	14
		_TMR1_OverflowISR		CODE           	11254	0000	64

mcc_generated_files/timer/src/tmr1.c estimated size: 218

mcc_generated_files/system/src/interrupt.c
		_INT0_SetInterruptHandler		CODE           	1170A	0000	14
		_INT1_SetInterruptHandler		CODE           	116FC	0000	14
		_INT2_SetInterruptHandler		CODE           	116EE	0000	14
		_INTERRUPT_Initialize		CODE           	11214	0000	64
		_INTERRUPT_InterruptManager		CODE           	10C2A	0000	162

mcc_generated_files/system/src/interrupt.c estimated size: 268

/Applications/microchip/xc8/v2.50/pic/sources/c99/common/nf_snprintf.c
		_snprintf      		CODE           	10564	0000	264

/Applications/microchip/xc8/v2.50/pic/sources/c99/common/nf_snprintf.c estimated size: 264

/Applications/microchip/xc8/v2.50/pic/sources/c99/common/awdiv.c
		___awdiv       		CODE           	10800	0000	194

/Applications/microchip/xc8/v2.50/pic/sources/c99/common/awdiv.c estimated size: 194

mcc_generated_files/system/src/pins.c
		_PIN_MANAGER_Initialize		CODE           	108C2	0000	182
		_nRF24_IRQ_DefaultInterruptHandler		CODE           	1176A	0000	2
		_nRF24_IRQ_ISR 		CODE           	112D2	0000	54
		_nRF24_IRQ_SetInterruptHandler		CODE           	116E0	0000	14
		_PIN_MANAGER_IOC		CODE           	1167E	0000	22

mcc_generated_files/system/src/pins.c estimated size: 274

mcc_generated_files/timer/src/delay.c
		_DELAY_milliseconds		CODE           	1143C	0000	48
		_DELAY_microseconds		CODE           	110E4	0000	82

mcc_generated_files/timer/src/delay.c estimated size: 130

shared
		_Timer1        		MEDIUMCONST    	FE71	0000	18
		_rf24_crclength		MEDIUMCONST    	FE92	0000	30
		_Timer2        		MEDIUMCONST    	FE5F	0000	18
		__initialization		CODE           	10E02	0000	138
		_SPI1_Host     		MEDIUMCONST    	FE35	0000	42
		i2___awmod     		CODE           	10A26	0000	174
		_spi1_configuration		MEDIUMCONST    	FE83	0000	15

shared estimated size: 435

mirf.c
		_Nrf24_writeRegister		CODE           	113D8	0000	50
		_Nrf24_dataReady		CODE           	11574	0000	38
		_Nrf24_getStatus		CODE           	11668	0000	22
		_SPI_write_buff		CODE           	1103C	0000	86
		_SPI_read_buff 		CODE           	1133C	0000	52
		_Nrf24_powerUpRx		CODE           	1159A	0000	36
		_Nrf24_powerUpTx		CODE           	115BE	0000	34
		_Nrf24_isSending		CODE           	11136	0000	82
		_Nrf24_setRetransmitDelay		CODE           	114C8	0000	44
		_Nrf24_getData 		CODE           	1140A	0000	50
		_Nrf24_configRegister		CODE           	11638	0000	24
		_Nrf24_SetSpeedDataRates		CODE           	10F0E	0000	110
		_Nrf24_send    		CODE           	10CCC	0000	156
		_Nrf24_readRegister		CODE           	1146C	0000	48
		_Nrf24_config  		CODE           	10E92	0000	124
		_Nrf24_init    		CODE           	1149C	0000	44
		_Nrf24_flushRx 		CODE           	11718	0000	12
		_Nrf24_setRADDR		CODE           	10D68	0000	154
		_Nrf24_setTADDR		CODE           	10AD4	0000	172

mirf.c estimated size: 1338

mcc_generated_files/timer/src/tmr2.c
		_TMR2_ISR      		CODE           	113A4	0000	52
		_TMR2_Initialize		CODE           	11520	0000	42
		_TMR2_Stop     		CODE           	1174E	0000	6
		_TMR2_Start    		CODE           	1173C	0000	6
		_TMR2_OverflowCallbackRegister		CODE           	116B6	0000	14
		_TMR2_DefaultOverflowCallback		CODE           	11766	0000	2

mcc_generated_files/timer/src/tmr2.c estimated size: 122

mcc_generated_files/system/src/clock.c
		_CLOCK_Initialize		CODE           	11694	0000	20

mcc_generated_files/system/src/clock.c estimated size: 20

mcc_generated_files/timer/src/tmr0.c
		_TMR0_DefaultCallback		CODE           	11768	0000	2
		_TMR0_OverflowCallbackRegister		CODE           	116A8	0000	14
		_TMR0_ISR      		CODE           	11294	0000	62
		_TMR0_Initialize		CODE           	11370	0000	52
		_TMR0_Start    		CODE           	11748	0000	6

mcc_generated_files/timer/src/tmr0.c estimated size: 136

button_check.c
		_IsColumnPressed		CODE           	10B80	0000	170
		_IsButonChecked		CODE           	1175C	0000	4
		_Buttoncheck   		CODE           	10444	0000	288
		_getCol        		CODE           	11758	0000	4
		_getRow        		CODE           	11754	0000	4
		_ClearButtonPress		CODE           	11724	0000	8
		_SetRowActive  		CODE           	10FDE	0000	94

button_check.c estimated size: 572

/Applications/microchip/xc8/v2.50/pic/sources/c99/common/nf_fputc.c
		_fputc         		CODE           	1066C	0000	202

/Applications/microchip/xc8/v2.50/pic/sources/c99/common/nf_fputc.c estimated size: 202

main.c
		_nrf_irq       		CODE           	11734	0000	8
		_main          		CODE           	11092	0000	82
		_slave         		CODE           	10248	0000	508
		_tmr0_irq      		CODE           	1172C	0000	8
		_AdvancedSettings		CODE           	115E0	0000	34

main.c estimated size: 640

/Applications/microchip/xc8/v2.50/pic/sources/c99/common/doprnt.c
		_vfpfcnvrt     		CODE           	10000	0000	584
		_vfprintf      		CODE           	10F7C	0000	98

/Applications/microchip/xc8/v2.50/pic/sources/c99/common/doprnt.c estimated size: 682

mcc_generated_files/system/src/system.c
		_SYSTEM_Initialize		CODE           	11602	0000	30

mcc_generated_files/system/src/system.c estimated size: 30

mcc_generated_files/spi/src/spi1.c
		_SPI1_ByteExchange		CODE           	114F4	0000	44
		_SPI1_Open     		CODE           	10736	0000	202
		_SPI1_Initialize		CODE           	11650	0000	24

mcc_generated_files/spi/src/spi1.c estimated size: 270

