Microchip MPLAB XC8 Compiler V2.50

Linker command line:

-W-3 --edf=/Applications/microchip/xc8/v2.50/pic/dat/20240725155939_en.msgs \
  -pivt0x8=08h -cn \
  -h+dist/default/production/button_five_by_five.X.production.sym \
  --cmf=dist/default/production/button_five_by_five.X.production.cmf -z \
  -Q18F57Q43 -o/tmp/xc2Wje1XK/driver_tmp_3.o --defsym=__MPLAB_BUILD=1 \
  --fixupoverflow=error \
  -Mdist/default/production/button_five_by_five.X.production.map \
  --md=/tmp/xc2Wje1XK/driver_tmp_0.dat -E1 -ver=XC8 Compiler --acfsm=1493 \
  -ACODE=00h-01FFFFh -ACONST=00h-01FFFFh -ASMALLCONST=02600h-026FFhx474 \
  -AMEDIUMCONST=02600h-0FFFFh,012600h-01FFFFh -ACOMRAM=0501h-055Fh \
  -AABS1=0500h-024FFh -ABIGRAM=0501h-024FFh \
  -ARAM=0560h-05FFh,0600h-06FFhx31 -ABANK5=0560h-05FFh -ABANK6=0600h-06FFh \
  -ABANK7=0700h-07FFh -ABANK8=0800h-08FFh -ABANK9=0900h-09FFh \
  -ABANK10=0A00h-0AFFh -ABANK11=0B00h-0BFFh -ABANK12=0C00h-0CFFh \
  -ABANK13=0D00h-0DFFh -ABANK14=0E00h-0EFFh -ABANK15=0F00h-0FFFh \
  -ABANK16=01000h-010FFh -ABANK17=01100h-011FFh -ABANK18=01200h-012FFh \
  -ABANK19=01300h-013FFh -ABANK20=01400h-014FFh -ABANK21=01500h-015FFh \
  -ABANK22=01600h-016FFh -ABANK23=01700h-017FFh -ABANK24=01800h-018FFh \
  -ABANK25=01900h-019FFh -ABANK26=01A00h-01AFFh -ABANK27=01B00h-01BFFh \
  -ABANK28=01C00h-01CFFh -ABANK29=01D00h-01DFFh -ABANK30=01E00h-01EFFh \
  -ABANK31=01F00h-01FFFh -ABANK32=02000h-020FFh -ABANK33=02100h-021FFh \
  -ABANK34=02200h-022FFh -ABANK35=02300h-023FFh -ABANK36=02400h-024FFh \
  -ASFR=00h-0FFhx4,0400h-045Fh,0460h-04FFh,02500h-025FFh \
  -ABIGSFR=00h-04FFh,02500h-025FFh -ACONFIG=0300000h-0300011h \
  -AIDLOC=0200000h-020003Fh -AEEDATA=0380000h-03803FFh -peeprom_data=EEDATA \
  -preset_vec=00h -ppowerup=CODE,init -pramtop=02600h \
  -psmallconst=SMALLCONST -pmediumconst=MEDIUMCONST -pconst=CONST \
  -AFARRAM=00h-00h \
  -prdata=COMRAM,nvrram=COMRAM,nvbit=COMRAM,rbss=COMRAM,rbit=COMRAM \
  -pfarbss=FARRAM,fardata=FARRAM,nvFARRAM=FARRAM \
  -pintsave_regs=BIGRAM,bigbss=BIGRAM,bigdata=BIGRAM -pbss=RAM \
  -pidata=CODE,irdata=CODE,ibigdata=CODE,ifardata=CODE -prparam=COMRAM \
  /tmp/xc2Wje1XK/driver_tmp_9.o \
  dist/default/production/button_five_by_five.X.production.o 

Object code version is 3.11

Machine type is 18F57Q43



                Name                               Link     Load   Length Selector   Space Scale
/tmp/xc2Wje1XK/driver_tmp_9.o
                config                           300000   300000        A        0       4
                init                                 1A       1A        4        4       0
                reset_vec                             0        0        4        0       0
dist/default/production/button_five_by_five.X.production.o
                config                           300000   300000        A        0       4
                mediumconst                        FE3C     FE3C      1C4     7F1E       0
                ivt0x8                                8        8       12        4       0
                text69                            1112C    1112C        8     8000       0
                text68                            1116C    1116C        2     8000       0
                text67                            10D4E    10D4E       34     8000       0
                text66                            11072    11072       16     8000       0
                text65                            11152    11152        6     8000       0
                text64                            11118    11118        C     8000       0
                text63                            1116A    1116A        2     8000       0
                text62                            10CA6    10CA6       3C     8000       0
                text61                            105CE    105CE       AA     8000       0
                text60                            10A32    10A32       5E     8000       0
                text59                            1114C    1114C        6     8000       0
                text58                            10474    10474       AE     8000       0
                text57                            10F56    10F56       2A     8000       0
                text56                            11168    11168        2     8000       0
                text55                            11166    11166        2     8000       0
                text54                            101D4    101D4      120     8000       0
                text53                            10C68    10C68       3E     8000       0
                text52                            10DE6    10DE6       32     8000       0
                text51                            10678    10678       A2     8000       0
                text50                            11088    11088       14     8000       0
                text49                            110FE    110FE        E     8000       0
                text48                            110F0    110F0        E     8000       0
                text47                            110E2    110E2        E     8000       0
                text46                            10C28    10C28       40     8000       0
                text45                            110D4    110D4        E     8000       0
                text44                            103BE    103BE       B6     8000       0
                text43                            11044    11044       18     8000       0
                text42                            10E78    10E78       30     8000       0
                text41                            110C6    110C6        E     8000       0
                text40                            110B8    110B8        E     8000       0
                text39                            10BDC    10BDC       4C     8000       0
                text38                            110AA    110AA        E     8000       0
                text37                            10F2C    10F2C       2A     8000       0
                text36                            1100E    1100E       1E     8000       0
                text35                            1109C    1109C        E     8000       0
                text34                            11146    11146        6     8000       0
                text33                            11140    11140        6     8000       0
                text32                            10F00    10F00       2C     8000       0
                text31                            1102C    1102C       18     8000       0
                text30                            10D1A    10D1A       34     8000       0
                text29                            10E48    10E48       30     8000       0
                text28                            109C4    109C4       6E     8000       0
                text27                            10ED4    10ED4       2C     8000       0
                text26                            10FEC    10FEC       22     8000       0
                text25                            11124    11124        8     8000       0
                text24                            10E18    10E18       30     8000       0
                text23                            11160    11160        4     8000       0
                text22                            1110C    1110C        C     8000       0
                text21                            1105C    1105C       16     8000       0
                text20                            10FA6    10FA6       24     8000       0
                text19                            108D8    108D8       7C     8000       0
                text18                            10F80    10F80       26     8000       0
                text17                            10DB4    10DB4       32     8000       0
                text16                            102F4    102F4       CA     8000       0
                text15                            10EA8    10EA8       2C     8000       0
                text14                            10B8A    10B8A       52     8000       0
                text13                            10FCA    10FCA       22     8000       0
                text12                            10B38    10B38       52     8000       0
                text11                            10A90    10A90       56     8000       0
                text10                            1071A    1071A       9C     8000       0
                text9                             10D82    10D82       32     8000       0
                text8                             107B6    107B6       9A     8000       0
                text7                             10522    10522       AC     8000       0
                text6                             1113A    1113A        6     8000       0
                text5                             11134    11134        6     8000       0
                text4                             1115C    1115C        4     8000       0
                text3                             11158    11158        4     8000       0
                text2                             10850    10850       88     8000       0
                text1                             10000    10000      1D4     8000       0
                text0                             10AE6    10AE6       52     8000       0
                cstackCOMRAM                        501      501       27      501       1
                cstackBANK5                         560      560       45      560       1
                bssBANK6                            600      600       20      600       1
                dataBANK5                           5A5      5A5       38      560       1
                bssBANK5                            5DD      5DD       22      560       1
                dataCOMRAM                          54D      54D        2      501       1
                bssCOMRAM                           540      540        D      501       1
                cinit                             10954    10954       70     8000       0
                nvCOMRAM                            528      528       18      501       1
                idataBANK5                        10CE2    10CE2       38     8000       0
                idataCOMRAM                       11164    11164        2     8000       0

TOTAL           Name                               Link     Load   Length     Space
        CLASS   CODE           
                init                                 1A       1A        4         0
                reset_vec                             0        0        4         0
                ivt0x8                                8        8       12         0
                text69                            1112C    1112C        8         0
                text68                            1116C    1116C        2         0
                text67                            10D4E    10D4E       34         0
                text66                            11072    11072       16         0
                text65                            11152    11152        6         0
                text64                            11118    11118        C         0
                text63                            1116A    1116A        2         0
                text62                            10CA6    10CA6       3C         0
                text61                            105CE    105CE       AA         0
                text60                            10A32    10A32       5E         0
                text59                            1114C    1114C        6         0
                text58                            10474    10474       AE         0
                text57                            10F56    10F56       2A         0
                text56                            11168    11168        2         0
                text55                            11166    11166        2         0
                text54                            101D4    101D4      120         0
                text53                            10C68    10C68       3E         0
                text52                            10DE6    10DE6       32         0
                text51                            10678    10678       A2         0
                text50                            11088    11088       14         0
                text49                            110FE    110FE        E         0
                text48                            110F0    110F0        E         0
                text47                            110E2    110E2        E         0
                text46                            10C28    10C28       40         0
                text45                            110D4    110D4        E         0
                text44                            103BE    103BE       B6         0
                text43                            11044    11044       18         0
                text42                            10E78    10E78       30         0
                text41                            110C6    110C6        E         0
                text40                            110B8    110B8        E         0
                text39                            10BDC    10BDC       4C         0
                text38                            110AA    110AA        E         0
                text37                            10F2C    10F2C       2A         0
                text36                            1100E    1100E       1E         0
                text35                            1109C    1109C        E         0
                text34                            11146    11146        6         0
                text33                            11140    11140        6         0
                text32                            10F00    10F00       2C         0
                text31                            1102C    1102C       18         0
                text30                            10D1A    10D1A       34         0
                text29                            10E48    10E48       30         0
                text28                            109C4    109C4       6E         0
                text27                            10ED4    10ED4       2C         0
                text26                            10FEC    10FEC       22         0
                text25                            11124    11124        8         0
                text24                            10E18    10E18       30         0
                text23                            11160    11160        4         0
                text22                            1110C    1110C        C         0
                text21                            1105C    1105C       16         0
                text20                            10FA6    10FA6       24         0
                text19                            108D8    108D8       7C         0
                text18                            10F80    10F80       26         0
                text17                            10DB4    10DB4       32         0
                text16                            102F4    102F4       CA         0
                text15                            10EA8    10EA8       2C         0
                text14                            10B8A    10B8A       52         0
                text13                            10FCA    10FCA       22         0
                text12                            10B38    10B38       52         0
                text11                            10A90    10A90       56         0
                text10                            1071A    1071A       9C         0
                text9                             10D82    10D82       32         0
                text8                             107B6    107B6       9A         0
                text7                             10522    10522       AC         0
                text6                             1113A    1113A        6         0
                text5                             11134    11134        6         0
                text4                             1115C    1115C        4         0
                text3                             11158    11158        4         0
                text2                             10850    10850       88         0
                text1                             10000    10000      1D4         0
                text0                             10AE6    10AE6       52         0
                cinit                             10954    10954       70         0
                idataBANK5                        10CE2    10CE2       38         0
                idataCOMRAM                       11164    11164        2         0

        CLASS   CONST          

        CLASS   SMALLCONST     

        CLASS   MEDIUMCONST    
                mediumconst                        FE3C     FE3C      1C4         0

        CLASS   COMRAM         
                cstackCOMRAM                        501      501       27         1
                dataCOMRAM                          54D      54D        2         1
                bssCOMRAM                           540      540        D         1
                nvCOMRAM                            528      528       18         1

        CLASS   ABS1           

        CLASS   BIGRAM         

        CLASS   RAM            

        CLASS   BANK5          
                cstackBANK5                         560      560       45         1
                dataBANK5                           5A5      5A5       38         1
                bssBANK5                            5DD      5DD       22         1

        CLASS   BANK6          
                bssBANK6                            600      600       20         1

        CLASS   BANK7          

        CLASS   BANK8          

        CLASS   BANK9          

        CLASS   BANK10         

        CLASS   BANK11         

        CLASS   BANK12         

        CLASS   BANK13         

        CLASS   BANK14         

        CLASS   BANK15         

        CLASS   BANK16         

        CLASS   BANK17         

        CLASS   BANK18         

        CLASS   BANK19         

        CLASS   BANK20         

        CLASS   BANK21         

        CLASS   BANK22         

        CLASS   BANK23         

        CLASS   BANK24         

        CLASS   BANK25         

        CLASS   BANK26         

        CLASS   BANK27         

        CLASS   BANK28         

        CLASS   BANK29         

        CLASS   BANK30         

        CLASS   BANK31         

        CLASS   BANK32         

        CLASS   BANK33         

        CLASS   BANK34         

        CLASS   BANK35         

        CLASS   BANK36         

        CLASS   SFR            

        CLASS   BIGSFR         

        CLASS   CONFIG         
                config                           300000   300000        A         4

        CLASS   IDLOC          

        CLASS   EEDATA         

        CLASS   FARRAM         

        CLASS   HEAP           

        CLASS   STACK          



SEGMENTS        Name                           Load    Length   Top    Selector   Space  Class

                reset_vec                      000000  000004  000004         0       0  CODE    
                text1                          010000  00116E  01116E      8000       0  CODE    
                ivt0x8                         000008  000016  00001E         4       0  CODE    
                bssBANK6                       000600  000020  000620       600       1  BANK6   
                cstackBANK5                    000560  00009F  0005FF       560       1  BANK5   
                mediumconst                    00FE3C  0001C4  010000      7F1E       0  MEDIUMCO
                cstackCOMRAM                   000501  00004E  00054F       501       1  COMRAM  


UNUSED ADDRESS RANGES

        Name                Unused          Largest block    Delta
        BANK10           000A00-000AFF              100
        BANK11           000B00-000BFF              100
        BANK12           000C00-000CFF              100
        BANK13           000D00-000DFF              100
        BANK14           000E00-000EFF              100
        BANK15           000F00-000FFF              100
        BANK16           001000-0010FF              100
        BANK17           001100-0011FF              100
        BANK18           001200-0012FF              100
        BANK19           001300-0013FF              100
        BANK20           001400-0014FF              100
        BANK21           001500-0015FF              100
        BANK22           001600-0016FF              100
        BANK23           001700-0017FF              100
        BANK24           001800-0018FF              100
        BANK25           001900-0019FF              100
        BANK26           001A00-001AFF              100
        BANK27           001B00-001BFF              100
        BANK28           001C00-001CFF              100
        BANK29           001D00-001DFF              100
        BANK30           001E00-001EFF              100
        BANK31           001F00-001FFF              100
        BANK32           002000-0020FF              100
        BANK33           002100-0021FF              100
        BANK34           002200-0022FF              100
        BANK35           002300-0023FF              100
        BANK36           002400-0024FF              100
        BANK5            0005FF-0005FF                1
        BANK6            000620-0006FF               E0
        BANK7            000700-0007FF              100
        BANK8            000800-0008FF              100
        BANK9            000900-0009FF              100
        BIGRAM           00054F-00055F               11
                         0005FF-0005FF                1
                         000620-0024FF             1EE0
        BIGSFR           000000-0004FF              500
                         002500-0025FF              100
        CODE             000004-000007                4
                         00001E-00FE3B             FE1E
                         01116E-01FFFF             EE92
        COMRAM           00054F-00055F               11
        CONFIG           30000A-300011                8
        CONST            000004-000007                4
                         00001E-00FE3B             FE1E
                         01116E-01FFFF             EE92
        EEDATA           380000-3803FF              400
        IDLOC            200000-20003F               40
        MEDIUMCONST      002600-00FE3B             D83C
                         012600-01FFFF             DA00
        RAM              0005FF-0005FF                1
                         000620-0024FF              100
        SFR              000000-0004FF              100
                         002500-0025FF              100
        SMALLCONST       002600-00FE3B              100
                         01116E-01FFFF              100

                                  Symbol Table

?_Nrf24_setRADDR                               cstackCOMRAM 000516
?_Nrf24_setTADDR                               cstackCOMRAM 000516
?___awmod                                      cstackCOMRAM 000501
AdvancedSettings@dev                           cstackCOMRAM 00051A
Buttoncheck@col                                cstackCOMRAM 000509
DELAY_microseconds@microseconds                cstackCOMRAM 00050C
DELAY_milliseconds@milliseconds                cstackCOMRAM 00050C
INT0_SetInterruptHandler@InterruptHandler      cstackCOMRAM 00050C
INT1_SetInterruptHandler@InterruptHandler      cstackCOMRAM 00050C
INT2_SetInterruptHandler@InterruptHandler      cstackCOMRAM 00050C
IVTBASEH                                       (abs)        00045E
IVTBASEL                                       (abs)        00045D
IVTBASEU                                       (abs)        00045F
IsColumnPressed@col                            cstackCOMRAM 000501
Nrf24_SetSpeedDataRates@dev                    cstackCOMRAM 000516
Nrf24_SetSpeedDataRates@val                    cstackCOMRAM 000518
Nrf24_SetSpeedDataRates@value                  cstackCOMRAM 000519
Nrf24_config@channel                           cstackCOMRAM 00051B
Nrf24_config@dev                               cstackCOMRAM 000519
Nrf24_config@payload                           cstackCOMRAM 00051C
Nrf24_configRegister@reg                       cstackCOMRAM 00050F
Nrf24_configRegister@value                     cstackCOMRAM 00050E
Nrf24_dataReady@dev                            cstackCOMRAM 000519
Nrf24_dataReady@status                         cstackCOMRAM 00051B
Nrf24_flushRx@dev                              cstackCOMRAM 00050E
Nrf24_getData@data                             cstackCOMRAM 000514
Nrf24_getData@dev                              cstackCOMRAM 000512
Nrf24_getStatus@dev                            cstackCOMRAM 000516
Nrf24_getStatus@rv                             cstackCOMRAM 000518
Nrf24_init@dev                                 cstackCOMRAM 00050D
Nrf24_isSending@dev                            cstackCOMRAM 000519
Nrf24_isSending@status                         cstackCOMRAM 00051C
Nrf24_powerUpRx@dev                            cstackCOMRAM 000510
Nrf24_powerUpTx@dev                            cstackCOMRAM 000510
Nrf24_readRegister@len                         cstackCOMRAM 000514
Nrf24_readRegister@reg                         cstackCOMRAM 000515
Nrf24_readRegister@value                       cstackCOMRAM 000512
Nrf24_send@dev                                 cstackCOMRAM 000519
Nrf24_send@status                              cstackCOMRAM 00051E
Nrf24_send@value                               cstackCOMRAM 00051B
Nrf24_setRADDR@adr                             cstackCOMRAM 000518
Nrf24_setRADDR@buffer                          cstackCOMRAM 00051D
Nrf24_setRADDR@dev                             cstackCOMRAM 000516
Nrf24_setRADDR@i                               cstackCOMRAM 000524
Nrf24_setRADDR@ret                             cstackCOMRAM 000522
Nrf24_setRetransmitDelay@dev                   cstackCOMRAM 000516
Nrf24_setRetransmitDelay@val                   cstackCOMRAM 000518
Nrf24_setRetransmitDelay@value                 cstackCOMRAM 000519
Nrf24_setTADDR@adr                             cstackCOMRAM 000518
Nrf24_setTADDR@buffer                          cstackCOMRAM 00051D
Nrf24_setTADDR@dev                             cstackCOMRAM 000516
Nrf24_setTADDR@i                               cstackCOMRAM 000524
Nrf24_setTADDR@ret                             cstackCOMRAM 000522
Nrf24_writeRegister@len                        cstackCOMRAM 000514
Nrf24_writeRegister@reg                        cstackCOMRAM 000515
Nrf24_writeRegister@value                      cstackCOMRAM 000512
SPI1_ByteExchange@byteData                     cstackCOMRAM 00050C
SPI1_ByteExchange@returnValue                  cstackCOMRAM 00050D
SPI1_Open@spiConfigIndex                       cstackCOMRAM 00050C
SPI_read_buff@buffer                           cstackCOMRAM 00050E
SPI_read_buff@bytes                            cstackCOMRAM 000510
SPI_read_buff@i                                cstackCOMRAM 000511
SPI_write_buff@buffer                          cstackCOMRAM 00050E
SPI_write_buff@bytes                           cstackCOMRAM 000510
SPI_write_buff@i                               cstackCOMRAM 000511
SetRowActive@row                               cstackCOMRAM 000501
TMR0_OverflowCallbackRegister@callbackHandler  cstackCOMRAM 00050C
TMR1_GateCallbackRegister@CallbackHandler      cstackCOMRAM 00050C
TMR1_OverflowCallbackRegister@CallbackHandler  cstackCOMRAM 00050C
TMR1_Write@timerVal                            cstackCOMRAM 000501
TMR2_OverflowCallbackRegister@InterruptHandler cstackCOMRAM 00050C
_ACTCON                                        (abs)        0000AC
_ANSELA                                        (abs)        000400
_ANSELB                                        (abs)        000408
_ANSELC                                        (abs)        000410
_ANSELD                                        (abs)        000418
_ANSELE                                        (abs)        000420
_ANSELF                                        (abs)        000428
_AdvancedSettings                              text26       010FEC
_Buttoncheck                                   text54       0101D4
_CLOCK_Initialize                              text50       011088
_ClearButtonPress                              text25       011124
_DELAY_microseconds                            text12       010B38
_DELAY_milliseconds                            text24       010E18
_INLVLA                                        (abs)        000404
_INLVLB                                        (abs)        00040C
_INLVLC                                        (abs)        000414
_INLVLD                                        (abs)        00041C
_INLVLE                                        (abs)        000424
_INLVLF                                        (abs)        00042C
_INT0_DefaultInterruptHandler                  (abs)        000000
_INT0_InterruptHandler                         nvCOMRAM     00053D
_INT0_SetInterruptHandler                      text49       0110FE
_INT1_DefaultInterruptHandler                  (abs)        000000
_INT1_InterruptHandler                         nvCOMRAM     00053A
_INT1_SetInterruptHandler                      text48       0110F0
_INT2_DefaultInterruptHandler                  (abs)        000000
_INT2_InterruptHandler                         nvCOMRAM     000537
_INT2_SetInterruptHandler                      text47       0110E2
_INTCON0bits                                   (abs)        0004D6
_INTERRUPT_Initialize                          text46       010C28
_INTERRUPT_InterruptManager                    text51       010678
_IOCAF                                         (abs)        000407
_IOCAN                                         (abs)        000406
_IOCAP                                         (abs)        000405
_IOCBF                                         (abs)        00040F
_IOCBN                                         (abs)        00040E
_IOCBP                                         (abs)        00040D
_IOCCF                                         (abs)        000417
_IOCCFbits                                     (abs)        000417
_IOCCN                                         (abs)        000416
_IOCCP                                         (abs)        000415
_IOCEF                                         (abs)        000427
_IOCEN                                         (abs)        000426
_IOCEP                                         (abs)        000425
_IsButonChecked                                text23       011160
_IsColumnPressed                               text61       0105CE
_LATA                                          (abs)        0004BE
_LATB                                          (abs)        0004BF
_LATBbits                                      (abs)        0004BF
_LATC                                          (abs)        0004C0
_LATCbits                                      (abs)        0004C0
_LATD                                          (abs)        0004C1
_LATE                                          (abs)        0004C2
_LATF                                          (abs)        0004C3
_LATFbits                                      (abs)        0004C3
_Nrf24_SetSpeedDataRates                       text28       0109C4
_Nrf24_config                                  text19       0108D8
_Nrf24_configRegister                          text31       01102C
_Nrf24_dataReady                               text18       010F80
_Nrf24_flushRx                                 text22       01110C
_Nrf24_getData                                 text17       010DB4
_Nrf24_getStatus                               text21       01105C
_Nrf24_init                                    text15       010EA8
_Nrf24_isSending                               text14       010B8A
_Nrf24_powerUpRx                               text20       010FA6
_Nrf24_powerUpTx                               text13       010FCA
_Nrf24_readRegister                            text29       010E48
_Nrf24_send                                    text10       01071A
_Nrf24_setRADDR                                text8        0107B6
_Nrf24_setRetransmitDelay                      text27       010ED4
_Nrf24_setTADDR                                text7        010522
_Nrf24_writeRegister                           text9        010D82
_ODCONA                                        (abs)        000402
_ODCONB                                        (abs)        00040A
_ODCONC                                        (abs)        000412
_ODCOND                                        (abs)        00041A
_ODCONE                                        (abs)        000422
_ODCONF                                        (abs)        00042A
_OSCCON1                                       (abs)        0000AD
_OSCCON3                                       (abs)        0000AF
_OSCEN                                         (abs)        0000B3
_OSCFRQ                                        (abs)        0000B1
_OSCTUNE                                       (abs)        0000B0
_PIE0bits                                      (abs)        00049E
_PIE3bits                                      (abs)        0004A1
_PIN_MANAGER_IOC                               text66       011072
_PIN_MANAGER_Initialize                        text44       0103BE
_PIR0bits                                      (abs)        0004AE
_PIR10bits                                     (abs)        0004B8
_PIR1bits                                      (abs)        0004AF
_PIR3bits                                      (abs)        0004B1
_PIR6bits                                      (abs)        0004B4
_PORTCbits                                     (abs)        0004D0
_PORTDbits                                     (abs)        0004D1
_PR2                                           (abs)        000323
_RB1I2C                                        (abs)        000289
_RB2I2C                                        (abs)        000288
_RC3I2C                                        (abs)        000287
_RC3PPS                                        (abs)        000214
_RC4I2C                                        (abs)        000286
_RC4PPS                                        (abs)        000215
_SLRCONA                                       (abs)        000403
_SLRCONB                                       (abs)        00040B
_SLRCONC                                       (abs)        000413
_SLRCOND                                       (abs)        00041B
_SLRCONE                                       (abs)        000423
_SLRCONF                                       (abs)        00042B
_SPI1BAUD                                      (abs)        000089
_SPI1CLK                                       (abs)        00008C
_SPI1CON0                                      (abs)        000084
_SPI1CON0bits                                  (abs)        000084
_SPI1CON1                                      (abs)        000085
_SPI1CON2                                      (abs)        000086
_SPI1INTFbits                                  (abs)        00008A
_SPI1RXB                                       (abs)        000080
_SPI1SCKPPS                                    (abs)        00026A
_SPI1SDIPPS                                    (abs)        00026B
_SPI1STATUSbits                                (abs)        000087
_SPI1TCNTH                                     (abs)        000083
_SPI1TCNTL                                     (abs)        000082
_SPI1TXB                                       (abs)        000081
_SPI1_BufferExchange                           (abs)        000000
_SPI1_BufferRead                               (abs)        000000
_SPI1_BufferWrite                              (abs)        000000
_SPI1_ByteExchange                             text32       010F00
_SPI1_ByteRead                                 (abs)        000000
_SPI1_ByteWrite                                (abs)        000000
_SPI1_Close                                    (abs)        000000
_SPI1_Deinitialize                             (abs)        000000
_SPI1_Host                                     mediumconst  00FE3D
_SPI1_Initialize                               text43       011044
_SPI1_IsRxReady                                (abs)        000000
_SPI1_IsTxReady                                (abs)        000000
_SPI1_Open                                     text16       0102F4
_SPI_read_buff                                 text30       010D1A
_SPI_write_buff                                text11       010A90
_SYSTEM_Initialize                             text36       01100E
_SetRowActive                                  text60       010A32
_T0CON0                                        (abs)        00031A
_T0CON0bits                                    (abs)        00031A
_T0CON1                                        (abs)        00031B
_T1CLK                                         (abs)        000321
_T1CON                                         (abs)        00031E
_T1CONbits                                     (abs)        00031E
_T1GATE                                        (abs)        000320
_T1GCON                                        (abs)        00031F
_T1GCONbits                                    (abs)        00031F
_T2CLKCON                                      (abs)        000326
_T2CON                                         (abs)        000324
_T2CONbits                                     (abs)        000324
_T2HLT                                         (abs)        000325
_T2HLTbits                                     (abs)        000325
_T2PR                                          (abs)        000323
_T2RST                                         (abs)        000327
_T2RSTbits                                     (abs)        000327
_T2TMR                                         (abs)        000322
_TMR0H                                         (abs)        000319
_TMR0L                                         (abs)        000318
_TMR0_DefaultCallback                          text63       01116A
_TMR0_ISR                                      text62       010CA6
_TMR0_Initialize                               text42       010E78
_TMR0_OverflowCallback                         nvCOMRAM     000531
_TMR0_OverflowCallbackRegister                 text35       01109C
_TMR0_Start                                    text6        01113A
_TMR0_Stop                                     text34       011146
_TMR1H                                         (abs)        00031D
_TMR1L                                         (abs)        00031C
_TMR1_DefaultGateCallback                      (abs)        000000
_TMR1_DefaultOverflowCallback                  text55       011166
_TMR1_GateCallback                             nvCOMRAM     00052B
_TMR1_GateCallbackRegister                     text41       0110C6
_TMR1_Initialize                               text39       010BDC
_TMR1_InterruptHandler                         bssCOMRAM    000540
_TMR1_OverflowCallback                         nvCOMRAM     00052E
_TMR1_OverflowCallbackRegister                 text40       0110B8
_TMR1_OverflowISR                              text53       010C68
_TMR1_PeriodCountSet                           (abs)        000000
_TMR1_Start                                    (abs)        000000
_TMR1_Stop                                     text33       011140
_TMR1_Write                                    text57       010F56
_TMR2                                          (abs)        000322
_TMR2_DefaultOverflowCallback                  text56       011168
_TMR2_ISR                                      text52       010DE6
_TMR2_Initialize                               text37       010F2C
_TMR2_OverflowCallback                         nvCOMRAM     000528
_TMR2_OverflowCallbackRegister                 text38       0110AA
_TMR2_PeriodCountSet                           (abs)        000000
_TMR2_Start                                    text5        011134
_TMR2_Stop                                     text59       01114C
_TRISA                                         (abs)        0004C6
_TRISB                                         (abs)        0004C7
_TRISC                                         (abs)        0004C8
_TRISCbits                                     (abs)        0004C8
_TRISD                                         (abs)        0004C9
_TRISE                                         (abs)        0004CA
_TRISF                                         (abs)        0004CB
_Timer1                                        mediumconst  00FE79
_Timer2                                        mediumconst  00FE67
_WPUA                                          (abs)        000401
_WPUB                                          (abs)        000409
_WPUC                                          (abs)        000411
_WPUD                                          (abs)        000419
_WPUE                                          (abs)        000421
_WPUF                                          (abs)        000429
__HRAM                                         (abs)        000000
__H__absolute__                                __absolute__ 000000
__Habs1                                        abs1         000000
__Hbank10                                      bank10       000000
__Hbank11                                      bank11       000000
__Hbank12                                      bank12       000000
__Hbank13                                      bank13       000000
__Hbank14                                      bank14       000000
__Hbank15                                      bank15       000000
__Hbank16                                      bank16       000000
__Hbank17                                      bank17       000000
__Hbank18                                      bank18       000000
__Hbank19                                      bank19       000000
__Hbank20                                      bank20       000000
__Hbank21                                      bank21       000000
__Hbank22                                      bank22       000000
__Hbank23                                      bank23       000000
__Hbank24                                      bank24       000000
__Hbank25                                      bank25       000000
__Hbank26                                      bank26       000000
__Hbank27                                      bank27       000000
__Hbank28                                      bank28       000000
__Hbank29                                      bank29       000000
__Hbank30                                      bank30       000000
__Hbank31                                      bank31       000000
__Hbank32                                      bank32       000000
__Hbank33                                      bank33       000000
__Hbank34                                      bank34       000000
__Hbank35                                      bank35       000000
__Hbank36                                      bank36       000000
__Hbank5                                       bank5        000000
__Hbank6                                       bank6        000000
__Hbank7                                       bank7        000000
__Hbank8                                       bank8        000000
__Hbank9                                       bank9        000000
__Hbigbss                                      bigbss       000000
__Hbigdata                                     bigdata      000000
__Hbigram                                      bigram       000000
__Hbigsfr                                      bigsfr       000000
__Hbss                                         bss          000000
__HbssBANK5                                    bssBANK5     000000
__HbssBANK6                                    bssBANK6     000000
__HbssCOMRAM                                   bssCOMRAM    000000
__Hcinit                                       cinit        000000
__Hclrtext                                     clrtext      000000
__Hcomram                                      comram       000000
__Hconfig                                      config       30000A
__Hconst                                       const        000000
__HcstackBANK5                                 cstackBANK5  000000
__HcstackCOMRAM                                cstackCOMRAM 000000
__Hdata                                        data         000000
__HdataBANK5                                   dataBANK5    000000
__HdataCOMRAM                                  dataCOMRAM   000000
__Heeprom_data                                 eeprom_data  000000
__Hfarbss                                      farbss       000000
__Hfardata                                     fardata      000000
__Hheap                                        heap         000000
__Hibigdata                                    ibigdata     000000
__Hidata                                       idata        000000
__HidataBANK5                                  idataBANK5   000000
__HidataCOMRAM                                 idataCOMRAM  000000
__Hidloc                                       idloc        000000
__Hifardata                                    ifardata     000000
__Hinit                                        init         00001E
__Hintsave_regs                                intsave_regs 000000
__Hirdata                                      irdata       000000
__Hivt0x8                                      ivt0x8       00001A
__Hmediumconst                                 mediumconst  010000
__HnvCOMRAM                                    nvCOMRAM     000000
__HnvFARRAM                                    nvFARRAM     000000
__Hnvbit                                       nvbit        000000
__Hnvrram                                      nvrram       000000
__Hparam                                       rparam       000000
__Hpowerup                                     powerup      000000
__Hram                                         ram          000000
__Hramtop                                      ramtop       002600
__Hrbit                                        rbit         000000
__Hrbss                                        rbss         000000
__Hrdata                                       rdata        000000
__Hreset_vec                                   reset_vec    000004
__Hrparam                                      rparam       000000
__Hsfr                                         sfr          000000
__Hsmallconst                                  smallconst   000000
__Hspace_0                                     (abs)        01116E
__Hspace_1                                     (abs)        000620
__Hspace_2                                     (abs)        000000
__Hspace_4                                     (abs)        60000A
__Hstack                                       stack        000000
__Hstruct                                      struct       000000
__Htemp                                        temp         000000
__Htext                                        text         000000
__Htext0                                       text0        000000
__Htext1                                       text1        000000
__Htext10                                      text10       000000
__Htext11                                      text11       000000
__Htext12                                      text12       000000
__Htext13                                      text13       000000
__Htext14                                      text14       000000
__Htext15                                      text15       000000
__Htext16                                      text16       000000
__Htext17                                      text17       000000
__Htext18                                      text18       000000
__Htext19                                      text19       000000
__Htext2                                       text2        000000
__Htext20                                      text20       000000
__Htext21                                      text21       000000
__Htext22                                      text22       000000
__Htext23                                      text23       000000
__Htext24                                      text24       000000
__Htext25                                      text25       000000
__Htext26                                      text26       000000
__Htext27                                      text27       000000
__Htext28                                      text28       000000
__Htext29                                      text29       000000
__Htext3                                       text3        000000
__Htext30                                      text30       000000
__Htext31                                      text31       000000
__Htext32                                      text32       000000
__Htext33                                      text33       000000
__Htext34                                      text34       000000
__Htext35                                      text35       000000
__Htext36                                      text36       000000
__Htext37                                      text37       000000
__Htext38                                      text38       000000
__Htext39                                      text39       000000
__Htext4                                       text4        000000
__Htext40                                      text40       000000
__Htext41                                      text41       000000
__Htext42                                      text42       000000
__Htext43                                      text43       000000
__Htext44                                      text44       000000
__Htext45                                      text45       000000
__Htext46                                      text46       000000
__Htext47                                      text47       000000
__Htext48                                      text48       000000
__Htext49                                      text49       000000
__Htext5                                       text5        000000
__Htext50                                      text50       000000
__Htext51                                      text51       000000
__Htext52                                      text52       000000
__Htext53                                      text53       000000
__Htext54                                      text54       000000
__Htext55                                      text55       000000
__Htext56                                      text56       000000
__Htext57                                      text57       000000
__Htext58                                      text58       000000
__Htext59                                      text59       000000
__Htext6                                       text6        000000
__Htext60                                      text60       000000
__Htext61                                      text61       000000
__Htext62                                      text62       000000
__Htext63                                      text63       000000
__Htext64                                      text64       000000
__Htext65                                      text65       000000
__Htext66                                      text66       000000
__Htext67                                      text67       000000
__Htext68                                      text68       000000
__Htext69                                      text69       000000
__Htext7                                       text7        000000
__Htext8                                       text8        000000
__Htext9                                       text9        000000
__LRAM                                         (abs)        000001
__L__absolute__                                __absolute__ 000000
__Labs1                                        abs1         000000
__Lbank10                                      bank10       000000
__Lbank11                                      bank11       000000
__Lbank12                                      bank12       000000
__Lbank13                                      bank13       000000
__Lbank14                                      bank14       000000
__Lbank15                                      bank15       000000
__Lbank16                                      bank16       000000
__Lbank17                                      bank17       000000
__Lbank18                                      bank18       000000
__Lbank19                                      bank19       000000
__Lbank20                                      bank20       000000
__Lbank21                                      bank21       000000
__Lbank22                                      bank22       000000
__Lbank23                                      bank23       000000
__Lbank24                                      bank24       000000
__Lbank25                                      bank25       000000
__Lbank26                                      bank26       000000
__Lbank27                                      bank27       000000
__Lbank28                                      bank28       000000
__Lbank29                                      bank29       000000
__Lbank30                                      bank30       000000
__Lbank31                                      bank31       000000
__Lbank32                                      bank32       000000
__Lbank33                                      bank33       000000
__Lbank34                                      bank34       000000
__Lbank35                                      bank35       000000
__Lbank36                                      bank36       000000
__Lbank5                                       bank5        000000
__Lbank6                                       bank6        000000
__Lbank7                                       bank7        000000
__Lbank8                                       bank8        000000
__Lbank9                                       bank9        000000
__Lbigbss                                      bigbss       000000
__Lbigdata                                     bigdata      000000
__Lbigram                                      bigram       000000
__Lbigsfr                                      bigsfr       000000
__Lbss                                         bss          000000
__LbssBANK5                                    bssBANK5     000000
__LbssBANK6                                    bssBANK6     000000
__LbssCOMRAM                                   bssCOMRAM    000000
__Lcinit                                       cinit        000000
__Lclrtext                                     clrtext      000000
__Lcomram                                      comram       000000
__Lconfig                                      config       000000
__Lconst                                       const        000000
__LcstackBANK5                                 cstackBANK5  000000
__LcstackCOMRAM                                cstackCOMRAM 000000
__Ldata                                        data         000000
__LdataBANK5                                   dataBANK5    000000
__LdataCOMRAM                                  dataCOMRAM   000000
__Leeprom_data                                 eeprom_data  000000
__Lfarbss                                      farbss       000000
__Lfardata                                     fardata      000000
__Lheap                                        heap         000000
__Libigdata                                    ibigdata     000000
__Lidata                                       idata        000000
__LidataBANK5                                  idataBANK5   000000
__LidataCOMRAM                                 idataCOMRAM  000000
__Lidloc                                       idloc        000000
__Lifardata                                    ifardata     000000
__Linit                                        init         00001A
__Lintsave_regs                                intsave_regs 000000
__Lirdata                                      irdata       000000
__Livt0x8                                      ivt0x8       000008
__Lmediumconst                                 mediumconst  00FE3C
__LnvCOMRAM                                    nvCOMRAM     000000
__LnvFARRAM                                    nvFARRAM     000000
__Lnvbit                                       nvbit        000000
__Lnvrram                                      nvrram       000000
__Lparam                                       rparam       000000
__Lpowerup                                     powerup      000000
__Lram                                         ram          000000
__Lramtop                                      ramtop       002600
__Lrbit                                        rbit         000000
__Lrbss                                        rbss         000000
__Lrdata                                       rdata        000000
__Lreset_vec                                   reset_vec    000000
__Lrparam                                      rparam       000000
__Lsfr                                         sfr          000000
__Lsmallconst                                  smallconst   000000
__Lspace_0                                     (abs)        000000
__Lspace_1                                     (abs)        000000
__Lspace_2                                     (abs)        000000
__Lspace_4                                     (abs)        000000
__Lstack                                       stack        000000
__Lstruct                                      struct       000000
__Ltemp                                        temp         000000
__Ltext                                        text         000000
__Ltext0                                       text0        000000
__Ltext1                                       text1        000000
__Ltext10                                      text10       000000
__Ltext11                                      text11       000000
__Ltext12                                      text12       000000
__Ltext13                                      text13       000000
__Ltext14                                      text14       000000
__Ltext15                                      text15       000000
__Ltext16                                      text16       000000
__Ltext17                                      text17       000000
__Ltext18                                      text18       000000
__Ltext19                                      text19       000000
__Ltext2                                       text2        000000
__Ltext20                                      text20       000000
__Ltext21                                      text21       000000
__Ltext22                                      text22       000000
__Ltext23                                      text23       000000
__Ltext24                                      text24       000000
__Ltext25                                      text25       000000
__Ltext26                                      text26       000000
__Ltext27                                      text27       000000
__Ltext28                                      text28       000000
__Ltext29                                      text29       000000
__Ltext3                                       text3        000000
__Ltext30                                      text30       000000
__Ltext31                                      text31       000000
__Ltext32                                      text32       000000
__Ltext33                                      text33       000000
__Ltext34                                      text34       000000
__Ltext35                                      text35       000000
__Ltext36                                      text36       000000
__Ltext37                                      text37       000000
__Ltext38                                      text38       000000
__Ltext39                                      text39       000000
__Ltext4                                       text4        000000
__Ltext40                                      text40       000000
__Ltext41                                      text41       000000
__Ltext42                                      text42       000000
__Ltext43                                      text43       000000
__Ltext44                                      text44       000000
__Ltext45                                      text45       000000
__Ltext46                                      text46       000000
__Ltext47                                      text47       000000
__Ltext48                                      text48       000000
__Ltext49                                      text49       000000
__Ltext5                                       text5        000000
__Ltext50                                      text50       000000
__Ltext51                                      text51       000000
__Ltext52                                      text52       000000
__Ltext53                                      text53       000000
__Ltext54                                      text54       000000
__Ltext55                                      text55       000000
__Ltext56                                      text56       000000
__Ltext57                                      text57       000000
__Ltext58                                      text58       000000
__Ltext59                                      text59       000000
__Ltext6                                       text6        000000
__Ltext60                                      text60       000000
__Ltext61                                      text61       000000
__Ltext62                                      text62       000000
__Ltext63                                      text63       000000
__Ltext64                                      text64       000000
__Ltext65                                      text65       000000
__Ltext66                                      text66       000000
__Ltext67                                      text67       000000
__Ltext68                                      text68       000000
__Ltext69                                      text69       000000
__Ltext7                                       text7        000000
__Ltext8                                       text8        000000
__Ltext9                                       text9        000000
__S0                                           (abs)        01116E
__S1                                           (abs)        000620
__S4                                           (abs)        000000
__S5                                           (abs)        000000
___awmod                                       text58       010474
___awmod@counter                               cstackCOMRAM 000505
___awmod@dividend                              cstackCOMRAM 000501
___awmod@divisor                               cstackCOMRAM 000503
___awmod@sign                                  cstackCOMRAM 000506
___heap_hi                                     (abs)        000000
___heap_lo                                     (abs)        000000
___inthi_sp                                    stack        000000
___inthi_stack_hi                              stack        000000
___inthi_stack_lo                              stack        000000
___intlo_sp                                    stack        000000
___intlo_stack_hi                              stack        000000
___intlo_stack_lo                              stack        000000
___param_bank                                  (abs)        000000
___rparam_used                                 (abs)        000001
___sp                                          stack        000000
___stack_hi                                    stack        000000
___stack_lo                                    stack        000000
__accesstop                                    (abs)        000560
__activetblptr                                 (abs)        000003
__end_of_AdvancedSettings                      text26       01100E
__end_of_Buttoncheck                           text54       0102F4
__end_of_CLOCK_Initialize                      text50       01109C
__end_of_ClearButtonPress                      text25       01112C
__end_of_DELAY_microseconds                    text12       010B8A
__end_of_DELAY_milliseconds                    text24       010E48
__end_of_INT0_SetInterruptHandler              text49       01110C
__end_of_INT1_SetInterruptHandler              text48       0110FE
__end_of_INT2_SetInterruptHandler              text47       0110F0
__end_of_INTERRUPT_Initialize                  text46       010C68
__end_of_INTERRUPT_InterruptManager            text51       01071A
__end_of_IsButonChecked                        text23       011164
__end_of_IsColumnPressed                       text61       010678
__end_of_Nrf24_SetSpeedDataRates               text28       010A32
__end_of_Nrf24_config                          text19       010954
__end_of_Nrf24_configRegister                  text31       011044
__end_of_Nrf24_dataReady                       text18       010FA6
__end_of_Nrf24_flushRx                         text22       011118
__end_of_Nrf24_getData                         text17       010DE6
__end_of_Nrf24_getStatus                       text21       011072
__end_of_Nrf24_init                            text15       010ED4
__end_of_Nrf24_isSending                       text14       010BDC
__end_of_Nrf24_powerUpRx                       text20       010FCA
__end_of_Nrf24_powerUpTx                       text13       010FEC
__end_of_Nrf24_readRegister                    text29       010E78
__end_of_Nrf24_send                            text10       0107B6
__end_of_Nrf24_setRADDR                        text8        010850
__end_of_Nrf24_setRetransmitDelay              text27       010F00
__end_of_Nrf24_setTADDR                        text7        0105CE
__end_of_Nrf24_writeRegister                   text9        010DB4
__end_of_PIN_MANAGER_IOC                       text66       011088
__end_of_PIN_MANAGER_Initialize                text44       010474
__end_of_SPI1_ByteExchange                     text32       010F2C
__end_of_SPI1_Host                             mediumconst  00FE67
__end_of_SPI1_Initialize                       text43       01105C
__end_of_SPI1_Open                             text16       0103BE
__end_of_SPI_read_buff                         text30       010D4E
__end_of_SPI_write_buff                        text11       010AE6
__end_of_SYSTEM_Initialize                     text36       01102C
__end_of_SetRowActive                          text60       010A90
__end_of_TMR0_DefaultCallback                  text63       01116C
__end_of_TMR0_ISR                              text62       010CE2
__end_of_TMR0_Initialize                       text42       010EA8
__end_of_TMR0_OverflowCallbackRegister         text35       0110AA
__end_of_TMR0_Start                            text6        011140
__end_of_TMR0_Stop                             text34       01114C
__end_of_TMR1_DefaultOverflowCallback          text55       011168
__end_of_TMR1_GateCallbackRegister             text41       0110D4
__end_of_TMR1_Initialize                       text39       010C28
__end_of_TMR1_OverflowCallbackRegister         text40       0110C6
__end_of_TMR1_OverflowISR                      text53       010CA6
__end_of_TMR1_Stop                             text33       011146
__end_of_TMR1_Write                            text57       010F80
__end_of_TMR2_DefaultOverflowCallback          text56       01116A
__end_of_TMR2_ISR                              text52       010E18
__end_of_TMR2_Initialize                       text37       010F56
__end_of_TMR2_OverflowCallbackRegister         text38       0110B8
__end_of_TMR2_Start                            text5        01113A
__end_of_TMR2_Stop                             text59       011152
__end_of_Timer1                                mediumconst  00FE8B
__end_of_Timer2                                mediumconst  00FE79
__end_of___awmod                               text58       010522
__end_of__initialization                       cinit        0109BE
__end_of_getCol                                text4        011160
__end_of_getRow                                text3        01115C
__end_of_main                                  text0        010B38
__end_of_nRF24_IRQ_DefaultInterruptHandler     text68       01116E
__end_of_nRF24_IRQ_ISR                         text67       010D82
__end_of_nRF24_IRQ_SetInterruptHandler         text45       0110E2
__end_of_nrf_irq                               text69       011134
__end_of_rf24_crclength                        mediumconst  00FEB8
__end_of_slave                                 text1        0101D4
__end_of_spi1_configuration                    mediumconst  00FE9A
__end_of_strncpy                               text2        0108D8
__end_of_tmr0_irq                              text64       011124
__end_ofi2_TMR0_Stop                           text65       011158
__initialization                               cinit        010954
__mediumconst                                  mediumconst  00FE3C
__pbssBANK5                                    bssBANK5     0005DD
__pbssBANK6                                    bssBANK6     000600
__pbssCOMRAM                                   bssCOMRAM    000540
__pcinit                                       cinit        010954
__pcstackBANK5                                 cstackBANK5  000560
__pcstackCOMRAM                                cstackCOMRAM 000501
__pdataBANK5                                   dataBANK5    0005A5
__pdataCOMRAM                                  dataCOMRAM   00054D
__pidataBANK5                                  idataBANK5   010CE2
__pidataCOMRAM                                 idataCOMRAM  011164
__pivt0x8                                      ivt0x8       000008
__pmediumconst                                 mediumconst  00FE3C
__pnvCOMRAM                                    nvCOMRAM     000528
__ptext0                                       text0        010AE6
__ptext1                                       text1        010000
__ptext10                                      text10       01071A
__ptext11                                      text11       010A90
__ptext12                                      text12       010B38
__ptext13                                      text13       010FCA
__ptext14                                      text14       010B8A
__ptext15                                      text15       010EA8
__ptext16                                      text16       0102F4
__ptext17                                      text17       010DB4
__ptext18                                      text18       010F80
__ptext19                                      text19       0108D8
__ptext2                                       text2        010850
__ptext20                                      text20       010FA6
__ptext21                                      text21       01105C
__ptext22                                      text22       01110C
__ptext23                                      text23       011160
__ptext24                                      text24       010E18
__ptext25                                      text25       011124
__ptext26                                      text26       010FEC
__ptext27                                      text27       010ED4
__ptext28                                      text28       0109C4
__ptext29                                      text29       010E48
__ptext3                                       text3        011158
__ptext30                                      text30       010D1A
__ptext31                                      text31       01102C
__ptext32                                      text32       010F00
__ptext33                                      text33       011140
__ptext34                                      text34       011146
__ptext35                                      text35       01109C
__ptext36                                      text36       01100E
__ptext37                                      text37       010F2C
__ptext38                                      text38       0110AA
__ptext39                                      text39       010BDC
__ptext4                                       text4        01115C
__ptext40                                      text40       0110B8
__ptext41                                      text41       0110C6
__ptext42                                      text42       010E78
__ptext43                                      text43       011044
__ptext44                                      text44       0103BE
__ptext45                                      text45       0110D4
__ptext46                                      text46       010C28
__ptext47                                      text47       0110E2
__ptext48                                      text48       0110F0
__ptext49                                      text49       0110FE
__ptext5                                       text5        011134
__ptext50                                      text50       011088
__ptext51                                      text51       010678
__ptext52                                      text52       010DE6
__ptext53                                      text53       010C68
__ptext54                                      text54       0101D4
__ptext55                                      text55       011166
__ptext56                                      text56       011168
__ptext57                                      text57       010F56
__ptext58                                      text58       010474
__ptext59                                      text59       01114C
__ptext6                                       text6        01113A
__ptext60                                      text60       010A32
__ptext61                                      text61       0105CE
__ptext62                                      text62       010CA6
__ptext63                                      text63       01116A
__ptext64                                      text64       011118
__ptext65                                      text65       011152
__ptext66                                      text66       011072
__ptext67                                      text67       010D4E
__ptext68                                      text68       01116C
__ptext69                                      text69       01112C
__ptext7                                       text7        010522
__ptext8                                       text8        0107B6
__ptext9                                       text9        010D82
__ramtop                                       ramtop       002600
__smallconst                                   smallconst   000000
_button_already_sent                           bssCOMRAM    000548
_button_pressed                                bssCOMRAM    00054C
_currentRow                                    bssCOMRAM    00054B
_data_send_lock                                bssBANK5     0005FE
_debounceCounter                               bssCOMRAM    000549
_fsm_state                                     bssCOMRAM    000547
_getCol                                        text4        01115C
_getRow                                        text3        011158
_main                                          text0        010AE6
_nRF24_IRQ_DefaultInterruptHandler             text68       01116C
_nRF24_IRQ_ISR                                 text67       010D4E
_nRF24_IRQ_InterruptHandler                    nvCOMRAM     000534
_nRF24_IRQ_SetInterruptHandler                 text45       0110D4
_nrf_flag                                      bssBANK5     0005FD
_nrf_irq                                       text69       01112C
_pressedColumn                                 dataCOMRAM   00054D
_pressedRow                                    dataCOMRAM   00054E
_rf24_crclength                                mediumconst  00FE9A
_rf24_datarates                                dataBANK5    0005C5
_rf24_pa_dbm                                   dataBANK5    0005A5
_settleCounter                                 bssCOMRAM    00054A
_slave                                         text1        010000
_spi1_configuration                            mediumconst  00FE8B
_strncpy                                       text2        010850
_timer1ReloadVal                               bssCOMRAM    000543
_tmr0PeriodCount                               bssCOMRAM    000545
_tmr0_irq                                      text64       011118
end_of_initialization                          cinit        0109BE
i2_TMR0_Stop                                   text65       011152
intlevel0                                      text         000000
intlevel1                                      text         000000
intlevel2                                      text         000000
intlevel3                                      text         000000
isa$std                                        (abs)        000001
isa$xinst                                      (abs)        000000
ivt0x8_base                                    ivt0x8       000008
nRF24_IRQ_SetInterruptHandler@InterruptHandler cstackCOMRAM 00050C
slave@buf                                      cstackBANK5  000560
slave@col                                      cstackBANK5  0005A1
slave@dev                                      cstackBANK5  0005A2
slave@pvParameters                             cstackCOMRAM 000526
slave@row                                      cstackBANK5  0005A0
slave@sending_buf                              cstackBANK5  000580
stackhi                                        (abs)        000000
stacklo                                        (abs)        000000
start                                          init         00001A
start_initialization                           cinit        010954
strncpy@cp                                     cstackCOMRAM 000512
strncpy@d                                      cstackCOMRAM 00050C
strncpy@n                                      cstackCOMRAM 000510
strncpy@s                                      cstackCOMRAM 00050E


MODULE INFORMATION

Module		Function		Class		Link	Load	Size
/Applications/microchip/xc8/v2.50/pic/sources/c99/common/awmod.c
		___awmod       		CODE           	10474	0000	174

/Applications/microchip/xc8/v2.50/pic/sources/c99/common/awmod.c estimated size: 174

mcc_generated_files/timer/src/tmr1.c
		_TMR1_Initialize		CODE           	10BDC	0000	76
		_TMR1_Stop     		CODE           	11140	0000	6
		_TMR1_Write    		CODE           	10F56	0000	42
		_TMR1_OverflowCallbackRegister		CODE           	110B8	0000	14
		_TMR1_DefaultOverflowCallback		CODE           	11166	0000	2
		_TMR1_GateCallbackRegister		CODE           	110C6	0000	14
		_TMR1_OverflowISR		CODE           	10C68	0000	62

mcc_generated_files/timer/src/tmr1.c estimated size: 216

mcc_generated_files/system/src/interrupt.c
		_INT0_SetInterruptHandler		CODE           	110FE	0000	14
		_INT1_SetInterruptHandler		CODE           	110F0	0000	14
		_INT2_SetInterruptHandler		CODE           	110E2	0000	14
		_INTERRUPT_Initialize		CODE           	10C28	0000	64
		_INTERRUPT_InterruptManager		CODE           	10678	0000	162

mcc_generated_files/system/src/interrupt.c estimated size: 268

mcc_generated_files/system/src/pins.c
		_PIN_MANAGER_Initialize		CODE           	103BE	0000	182
		_nRF24_IRQ_DefaultInterruptHandler		CODE           	1116C	0000	2
		_nRF24_IRQ_ISR 		CODE           	10D4E	0000	52
		_nRF24_IRQ_SetInterruptHandler		CODE           	110D4	0000	14
		_PIN_MANAGER_IOC		CODE           	11072	0000	22

mcc_generated_files/system/src/pins.c estimated size: 272

mcc_generated_files/timer/src/delay.c
		_DELAY_milliseconds		CODE           	10E18	0000	48
		_DELAY_microseconds		CODE           	10B38	0000	82

mcc_generated_files/timer/src/delay.c estimated size: 130

shared
		_Timer1        		MEDIUMCONST    	FE79	0000	18
		_rf24_crclength		MEDIUMCONST    	FE9A	0000	30
		_Timer2        		MEDIUMCONST    	FE67	0000	18
		__initialization		CODE           	10954	0000	106
		_SPI1_Host     		MEDIUMCONST    	FE3D	0000	42
		_spi1_configuration		MEDIUMCONST    	FE8B	0000	15
		i2_TMR0_Stop   		CODE           	11152	0000	6

shared estimated size: 235

mirf.c
		_Nrf24_writeRegister		CODE           	10D82	0000	50
		_Nrf24_dataReady		CODE           	10F80	0000	38
		_Nrf24_getStatus		CODE           	1105C	0000	22
		_SPI_write_buff		CODE           	10A90	0000	86
		_SPI_read_buff 		CODE           	10D1A	0000	52
		_Nrf24_powerUpRx		CODE           	10FA6	0000	36
		_Nrf24_powerUpTx		CODE           	10FCA	0000	34
		_Nrf24_isSending		CODE           	10B8A	0000	82
		_Nrf24_setRetransmitDelay		CODE           	10ED4	0000	44
		_Nrf24_getData 		CODE           	10DB4	0000	50
		_Nrf24_configRegister		CODE           	1102C	0000	24
		_Nrf24_SetSpeedDataRates		CODE           	109C4	0000	110
		_Nrf24_send    		CODE           	1071A	0000	156
		_Nrf24_readRegister		CODE           	10E48	0000	48
		_Nrf24_config  		CODE           	108D8	0000	124
		_Nrf24_init    		CODE           	10EA8	0000	44
		_Nrf24_flushRx 		CODE           	1110C	0000	12
		_Nrf24_setRADDR		CODE           	107B6	0000	154
		_Nrf24_setTADDR		CODE           	10522	0000	172

mirf.c estimated size: 1338

mcc_generated_files/timer/src/tmr2.c
		_TMR2_ISR      		CODE           	10DE6	0000	50
		_TMR2_Initialize		CODE           	10F2C	0000	42
		_TMR2_Stop     		CODE           	1114C	0000	6
		_TMR2_Start    		CODE           	11134	0000	6
		_TMR2_OverflowCallbackRegister		CODE           	110AA	0000	14
		_TMR2_DefaultOverflowCallback		CODE           	11168	0000	2

mcc_generated_files/timer/src/tmr2.c estimated size: 120

mcc_generated_files/system/src/clock.c
		_CLOCK_Initialize		CODE           	11088	0000	20

mcc_generated_files/system/src/clock.c estimated size: 20

mcc_generated_files/timer/src/tmr0.c
		_TMR0_DefaultCallback		CODE           	1116A	0000	2
		_TMR0_OverflowCallbackRegister		CODE           	1109C	0000	14
		_TMR0_ISR      		CODE           	10CA6	0000	60
		_TMR0_Initialize		CODE           	10E78	0000	48
		_TMR0_Stop     		CODE           	11146	0000	6
		_TMR0_Start    		CODE           	1113A	0000	6

mcc_generated_files/timer/src/tmr0.c estimated size: 136

button_check.c
		_IsColumnPressed		CODE           	105CE	0000	170
		_IsButonChecked		CODE           	11160	0000	4
		_Buttoncheck   		CODE           	101D4	0000	288
		_getCol        		CODE           	1115C	0000	4
		_getRow        		CODE           	11158	0000	4
		_ClearButtonPress		CODE           	11124	0000	8
		_SetRowActive  		CODE           	10A32	0000	94

button_check.c estimated size: 572

main.c
		_nrf_irq       		CODE           	1112C	0000	8
		_main          		CODE           	10AE6	0000	82
		_slave         		CODE           	10000	0000	468
		_tmr0_irq      		CODE           	11118	0000	12
		_AdvancedSettings		CODE           	10FEC	0000	34

main.c estimated size: 604

/Applications/microchip/xc8/v2.50/pic/sources/c99/common/strncpy.c
		_strncpy       		CODE           	10850	0000	136

/Applications/microchip/xc8/v2.50/pic/sources/c99/common/strncpy.c estimated size: 136

mcc_generated_files/system/src/system.c
		_SYSTEM_Initialize		CODE           	1100E	0000	30

mcc_generated_files/system/src/system.c estimated size: 30

mcc_generated_files/spi/src/spi1.c
		_SPI1_ByteExchange		CODE           	10F00	0000	44
		_SPI1_Open     		CODE           	102F4	0000	202
		_SPI1_Initialize		CODE           	11044	0000	24

mcc_generated_files/spi/src/spi1.c estimated size: 270

